<!DOCTYPE html><html><head><meta content="text/html; charset=utf-8" http-equiv="Content-Type"/><title>11.05.2024 OT, Hgr.II D Standard</title></head><body><div><div><table><tr><td>11.05.2024 - OT, Hgr.II D Standard</td></tr></table></div><div><div>Deckblatt</div><hr/><div><table><tr><td>Veranstalter:</td><td>Hessischer Tanzsportverband</td></tr><tr><td>Ausrichter:</td><td>Hessischer Tanzsportverband</td></tr><tr><td>Turnierleiter:</td><td><span>Jungbluth, Kai</span><span>Tanz-Sport-Club Fischbach</span></td></tr><tr><td>Beisitzer:</td><td><span>Bittighofer, Mechthild</span><span>Tanz-Freunde Fulda</span></td></tr><tr><td>Protokoll:</td><td><span>tanzt, EDV-Team Hessen</span><span></span></td></tr><tr><td>Wertungsrichter:</td><td></td></tr><tr><td>AT:</td><td><span>Bärschneider, Marcus</span><span>TSC Blau-Gelb Hagen</span></td></tr><tr><td>AX:</td><td><span>Block, Robert</span><span>Schwarz-Rot-Club Wetzlar</span></td></tr><tr><td>BW:</td><td><span>Kirchwehm, Susanne</span><span>TSC Ostseebad Schönberg 1984</span></td></tr><tr><td>CJ:</td><td><span>Mäser, Erich</span><span>TSC Rot-Gold Büdingen</span></td></tr><tr><td>EK:</td><td><span>Landauer, Peter</span><span>Tanzsportgemeinschaft Bavaria,Augsburg</span></td></tr></table><br/></div></div></div></body></html>
