<!DOCTYPE html>
<html>
 <head>
  <meta content="text/html; charset=utf-8" http-equiv="Content-Type"/>
  <title>
   11.05.2024 Hgr.II D Standard
  </title>
 </head>
 <body>
  <div>
   <div>
    <table>
     <tr>
      <td>
       11.05.2024 - OT, Hgr.II D Standard
      </td>
     </tr>
    </table>
   </div>
   <div>
    <div>
     Ergebnis
    </div>
    <hr/>
    <div>
     <table>
      <tr>
       <td>
        Endrunde
       </td>
      </tr>
      <tr>
       <td>
        Platz
       </td>
       <td>
        Paar/Club
       </td>
       <td>
        LW
       </td>
       <td>
        TG
       </td>
       <td>
        QU
       </td>
       <td>
        PZ
       </td>
      </tr>
      <tr>
       <td>
        1.
       </td>
       <td>
        Jonathan Kummetz / Elisabeth Findeiß (610)
        <br/>
        <i>
         1. TC Rot-Gold Bayreuth
        </i>
       </td>
       <td>
        11131
        <br/>
        <div>
         1.0
        </div>
       </td>
       <td>
        11141
        <br/>
        <div>
         1.0
        </div>
       </td>
       <td>
        11131
        <br/>
        <div>
         1.0
        </div>
       </td>
       <td>
        <br/>
        3.0
       </td>
      </tr>
      <tr>
       <td>
        2.
       </td>
       <td>
        Konstantin Plöger / Laura Utz (616)
        <br/>
        <i>
         TSZ Blau-Gold Casino, Darmstadt
        </i>
       </td>
       <td>
        22215
        <br/>
        <div>
         2.0
        </div>
       </td>
       <td>
        33253
        <br/>
        <div>
         2.0
        </div>
       </td>
       <td>
        34244
        <br/>
        <div>
         3.0
        </div>
       </td>
       <td>
        <br/>
        7.0
       </td>
      </tr>
      <tr>
       <td>
        3.
       </td>
       <td>
        Maik Rau / Carina Rau (617)
        <br/>
        <i>
         Flensburger TC
        </i>
       </td>
       <td>
        43352
        <br/>
        <div>
         3.0
        </div>
       </td>
       <td>
        56316
        <br/>
        <div>
         6.0
        </div>
       </td>
       <td>
        53325
        <br/>
        <div>
         2.0
        </div>
       </td>
       <td>
        <br/>
        11.0
       </td>
      </tr>
      <tr>
       <td>
        4.
       </td>
       <td>
        Raphael Michel / Carolin Kimmig (611)
        <br/>
        <i>
         TSC Grün-Gold Heidelberg
        </i>
       </td>
       <td>
        64643
        <br/>
        <div>
         5.0
        </div>
       </td>
       <td>
        62632
        <br/>
        <div>
         3.0
        </div>
       </td>
       <td>
        62452
        <br/>
        <div>
         4.0
        </div>
       </td>
       <td>
        <br/>
        12.0
       </td>
      </tr>
      <tr>
       <td>
        5.
       </td>
       <td>
        Sullivan Sadzik / Laura Mayer (619)
        <br/>
        <i>
         TC Rot-Weiß Kaiserslautern
        </i>
       </td>
       <td>
        35426
        <br/>
        <div>
         4.0
        </div>
       </td>
       <td>
        24425
        <br/>
        <div>
         4.0
        </div>
       </td>
       <td>
        26516
        <br/>
        <div>
         5.0
        </div>
       </td>
       <td>
        <br/>
        13.0
       </td>
      </tr>
      <tr>
       <td>
        6.
       </td>
       <td>
        Emanuel Ostermaier / Katharina Dropmann (615)
        <br/>
        <i>
         1. Tanzsport Zentrum Freising
        </i>
       </td>
       <td>
        56564
        <br/>
        <div>
         6.0
        </div>
       </td>
       <td>
        45564
        <br/>
        <div>
         5.0
        </div>
       </td>
       <td>
        45663
        <br/>
        <div>
         6.0
        </div>
       </td>
       <td>
        <br/>
        17.0
       </td>
      </tr>
     </table>
     <table>
      <tr>
       <td>
       </td>
      </tr>
      <tr>
       <td>
        2. Zwischenrunde
       </td>
      </tr>
      <tr>
       <td>
        7.
       </td>
       <td>
        Thilo Schmid / Katharina Zierer (621)
       </td>
       <td>
        Dance Unlimited
       </td>
      </tr>
      <tr>
       <td>
        8.- 9.
       </td>
       <td>
        Tobias Knop / Cathrin Rube (607)
       </td>
       <td>
        TSC Rot-Gold Sinsheim
       </td>
      </tr>
      <tr>
       <td>
        8.- 9.
       </td>
       <td>
        Stefan Mühl / Eva Horlebein (613)
       </td>
       <td>
        TC Rot-Gold Würzburg
       </td>
      </tr>
      <tr>
       <td>
        10.
       </td>
       <td>
        David Krause / Sophia Maier (609)
       </td>
       <td>
        TC Rot-Gold Würzburg
       </td>
      </tr>
      <tr>
       <td>
        11.
       </td>
       <td>
        Simon Junski / Carolin Schilpp (606)
       </td>
       <td>
        TanzZentrum Ludwigshafen
       </td>
      </tr>
      <tr>
       <td>
        12.- 13.
       </td>
       <td>
        Felix Gasteiger / Nathalie Gleixner (604)
       </td>
       <td>
        Tanz-Club Laaber
       </td>
      </tr>
      <tr>
       <td>
        12.- 13.
       </td>
       <td>
        Linus Witascheck / Gilda Stechhan (624)
       </td>
       <td>
        Rot-Weiss-Klub Kassel
       </td>
      </tr>
      <tr>
       <td>
       </td>
      </tr>
      <tr>
       <td>
        1. Zwischenrunde
       </td>
      </tr>
      <tr>
       <td>
        14.- 15.
       </td>
       <td>
        Jan Dingerkus / Diana Vorst (602)
       </td>
       <td>
        TSC Blau-Gold-Rondo Bonn
       </td>
      </tr>
      <tr>
       <td>
        14.- 15.
       </td>
       <td>
        Jonas Dreier / Johanna Grebe (603)
       </td>
       <td>
        Gießener Tanz-Club 74
       </td>
      </tr>
      <tr>
       <td>
        16.
       </td>
       <td>
        Georg Arndt / Anika Johlke (600)
       </td>
       <td>
        1. TSC Grün-Gold Leipzig 1947
       </td>
      </tr>
      <tr>
       <td>
        17.
       </td>
       <td>
        Sebastian Moch / Anna Melina Faude (612)
       </td>
       <td>
        TSC Residenz Ludwigsburg
       </td>
      </tr>
      <tr>
       <td>
        18.
       </td>
       <td>
        Waldemar Schilke / Isabell Grubert (620)
       </td>
       <td>
        TSC dancepoint, Königsbrunn
       </td>
      </tr>
      <tr>
       <td>
       </td>
      </tr>
      <tr>
       <td>
        Vorrunde
       </td>
      </tr>
      <tr>
       <td>
        19.- 21.
       </td>
       <td>
        Marco Conrad / Alina Tempelmann (601)
       </td>
       <td>
        Tanzsportakademie Ludwigsburg
       </td>
      </tr>
      <tr>
       <td>
        19.- 21.
       </td>
       <td>
        Carsten Giersberg / Jennifer Rath (605)
       </td>
       <td>
        TSA d. TUS Stuttgart 1867
       </td>
      </tr>
      <tr>
       <td>
        19.- 21.
       </td>
       <td>
        Daniel Vitt / Tatjana Pankratz-Milstein (623)
       </td>
       <td>
        UTC Münster
       </td>
      </tr>
      <tr>
       <td>
        22.- 23.
       </td>
       <td>
        Nicolas Koch / Christina Kalliafa (608)
       </td>
       <td>
        Tanzsportclub Solitude Kornwestheim
       </td>
      </tr>
      <tr>
       <td>
        22.- 23.
       </td>
       <td>
        Thomas Rösch / Ganna Kovtun (618)
       </td>
       <td>
        TSC Rot-Gold-Casino Nürnberg
       </td>
      </tr>
      <tr>
       <td>
        24.
       </td>
       <td>
        Lukas Thürmer / Madeleine Klotzbücher (622)
       </td>
       <td>
        TC Rot-Weiss Schwäbisch Gmünd
       </td>
      </tr>
      <tr>
       <td>
        25.
       </td>
       <td>
        Thorsten Olemotz / Jennifer Albach (614)
       </td>
       <td>
        Gießener Tanz-Club 74
       </td>
      </tr>
     </table>
     <br/>
    </div>
   </div>
  </div>
 </body>
</html>
