<!DOCTYPE html><html><head><meta charset="utf-8"><title>ergwert</title></head><body><table class="tab1"><tr><th>Platz</th><th>Paar/Club</th><th>Nr</th><th>R</th><th>LW</th><th>TG</th><th>QS</th></tr><tr><td>ATBärschneider, Marcus</td><td>AXBlock, Robert</td><td>BWKirchwehm, Susanne</td><td>CJMäser, Erich</td><td>EKLandauer, Peter</td><td>Su</td><td>ATBärschneider, Marcus</td><td>AXBlock, Robert</td><td>BWKirchwehm, Susanne</td><td>CJMäser, Erich</td><td>EKLandauer, Peter</td><td>Su</td><td>ATBärschneider, Marcus</td><td>AXBlock, Robert</td><td>BWKirchwehm, Susanne</td><td>CJMäser, Erich</td><td>EKLandauer, Peter</td></tr><tr><td class="td3cv">1</td><td>Jonathan Kummetz / Elisabeth Findeiß</td><td>610</td><td></td><td></td><td></td><td></td><td></td><td></td><td></td><td></td><td></td><td></td><td></td><td></td><td></td><td></td><td></td><td></td></tr><tr><td class="td3cv">2</td><td>Konstantin Plöger / Laura Utz</td><td>616</td><td></td><td></td><td></td><td></td><td></td><td></td><td></td><td></td><td></td><td></td><td></td><td></td><td></td><td></td><td></td><td></td></tr><tr><td class="td3cv">3</td><td>Maik Rau / Carina Rau</td><td>617</td><td></td><td></td><td></td><td></td><td></td><td></td><td></td><td></td><td></td><td></td><td></td><td></td><td></td><td></td><td></td><td></td></tr><tr><td class="td3cv">4</td><td>Raphael Michel / Carolin Kimmig</td><td>611</td><td></td><td></td><td></td><td></td><td></td><td></td><td></td><td></td><td></td><td></td><td></td><td></td><td></td><td></td><td></td><td></td></tr><tr><td class="td3cv">5</td><td>Sullivan Sadzik / Laura Mayer</td><td>619</td><td></td><td></td><td></td><td></td><td></td><td></td><td></td><td></td><td></td><td></td><td></td><td></td><td></td><td></td><td></td><td></td></tr><tr><td class="td3cv">6</td><td>Emanuel Ostermaier / Katharina Dropmann</td><td>615</td><td></td><td></td><td></td><td></td><td></td><td></td><td></td><td></td><td></td><td></td><td></td><td></td><td></td><td></td><td></td><td></td></tr><tr><td class="td3cv">7</td><td>Thilo Schmid / Katharina Zierer</td><td>621</td><td></td><td></td><td></td><td></td><td></td><td></td><td></td><td></td><td></td><td></td><td></td><td></td><td></td><td></td><td></td><td></td></tr><tr><td class="td3cv">8</td><td>Tobias Knop / Cathrin Rube</td><td>607</td><td></td><td></td><td></td><td></td><td></td><td></td><td></td><td></td><td></td><td></td><td></td><td></td><td></td><td></td><td></td><td></td></tr><tr><td class="td3cv">8</td><td>Stefan Mühl / Eva Horlebein</td><td>613</td><td></td><td></td><td></td><td></td><td></td><td></td><td></td><td></td><td></td><td></td><td></td><td></td><td></td><td></td><td></td><td></td></tr><tr><td class="td3cv">10</td><td>David Krause / Sophia Maier</td><td>609</td><td></td><td></td><td></td><td></td><td></td><td></td><td></td><td></td><td></td><td></td><td></td><td></td><td></td><td></td><td></td><td></td></tr><tr><td class="td3cv">11</td><td>Simon Junski / Carolin Schilpp</td><td>606</td><td></td><td></td><td></td><td></td><td></td><td></td><td></td><td></td><td></td><td></td><td></td><td></td><td></td><td></td><td></td><td></td></tr><tr><td class="td3cv">12</td><td>Felix Gasteiger / Nathalie Gleixner</td><td>604</td><td></td><td></td><td></td><td></td><td></td><td></td><td></td><td></td><td></td><td></td><td></td><td></td><td></td><td></td><td></td><td></td></tr><tr><td class="td3cv">12</td><td>Linus Witascheck / Gilda Stechhan</td><td>624</td><td></td><td></td><td></td><td></td><td></td><td></td><td></td><td></td><td></td><td></td><td></td><td></td><td></td><td></td><td></td><td></td></tr><tr><td class="td3cv">14</td><td>Jan Dingerkus / Diana Vorst</td><td>602</td><td></td><td></td><td></td><td></td><td></td><td></td><td></td><td></td><td></td><td></td><td></td><td></td><td></td><td></td><td></td><td></td></tr><tr><td class="td3cv">14</td><td>Jonas Dreier / Johanna Grebe</td><td>603</td><td></td><td></td><td></td><td></td><td></td><td></td><td></td><td></td><td></td><td></td><td></td><td></td><td></td><td></td><td></td><td></td></tr><tr><td class="td3cv">16</td><td>Georg Arndt / Anika Johlke</td><td>600</td><td></td><td></td><td></td><td></td><td></td><td></td><td></td><td></td><td></td><td></td><td></td><td></td><td></td><td></td><td></td><td></td></tr><tr><td class="td3cv">17</td><td>Sebastian Moch / Anna Melina Faude</td><td>612</td><td></td><td></td><td></td><td></td><td></td><td></td><td></td><td></td><td></td><td></td><td></td><td></td><td></td><td></td><td></td><td></td></tr><tr><td class="td3cv">18</td><td>Waldemar Schilke / Isabell Grubert</td><td>620</td><td></td><td></td><td></td><td></td><td></td><td></td><td></td><td></td><td></td><td></td><td></td><td></td><td></td><td></td><td></td><td></td></tr><tr><td class="td3cv">19</td><td>Marco Conrad / Alina Tempelmann</td><td>601</td><td></td><td></td><td></td><td></td><td></td><td></td><td></td><td></td><td></td><td></td><td></td><td></td><td></td><td></td><td></td><td></td></tr><tr><td class="td3cv">19</td><td>Carsten Giersberg / Jennifer Rath</td><td>605</td><td></td><td></td><td></td><td></td><td></td><td></td><td></td><td></td><td></td><td></td><td></td><td></td><td></td><td></td><td></td><td></td></tr><tr><td class="td3cv">19</td><td>Daniel Vitt / Tatjana Pankratz-Milstein</td><td>623</td><td></td><td></td><td></td><td></td><td></td><td></td><td></td><td></td><td></td><td></td><td></td><td></td><td></td><td></td><td></td><td></td></tr><tr><td class="td3cv">22</td><td>Nicolas Koch / Christina Kalliafa</td><td>608</td><td></td><td></td><td></td><td></td><td></td><td></td><td></td><td></td><td></td><td></td><td></td><td></td><td></td><td></td><td></td><td></td></tr><tr><td class="td3cv">22</td><td>Thomas Rösch / Ganna Kovtun</td><td>618</td><td></td><td></td><td></td><td></td><td></td><td></td><td></td><td></td><td></td><td></td><td></td><td></td><td></td><td></td><td></td><td></td></tr><tr><td class="td3cv">24</td><td>Lukas Thürmer / Madeleine Klotzbücher</td><td>622</td><td></td><td></td><td></td><td></td><td></td><td></td><td></td><td></td><td></td><td></td><td></td><td></td><td></td><td></td><td></td><td></td></tr><tr><td class="td3cv">25</td><td>Thorsten Olemotz / Jennifer Albach</td><td>614</td><td></td><td></td><td></td><td></td><td></td><td></td><td></td><td></td><td></td><td></td><td></td><td></td><td></td><td></td><td></td><td></td></tr></table></body></html>