<!DOCTYPE html><html><head><meta content="text/html; charset=utf-8" http-equiv="Content-Type"/><title>11.05.2024 Hgr.II D Standard</title></head><body><div><div><table><tr><td>11.05.2024 - OT, Hgr.II D Standard</td></tr></table></div><div><div>Wertungstabelle Gesamt</div><hr/><div><table><tr><td>Anzahl Teilnehmer: 25</td><td>Startnummer</td></tr><tr><td>Wertungsrichter</td><td>600<span>Georg Arndt / Anika Johlke</span></td><td>601<span>Marco Conrad / Alina Tempelmann</span></td><td>602<span>Jan Dingerkus / Diana Vorst</span></td><td>603<span>Jonas Dreier / Johanna Grebe</span></td><td>604<span>Felix Gasteiger / NathalieGleixner</span></td><td>605<span>Carsten Giersberg / JenniferRath</span></td><td>606<span>Simon Junski / Carolin Schilpp</span></td><td>607<span>Tobias Knop / Cathrin Rube</span></td><td>608<span>Nicolas Koch / ChristinaKalliafa</span></td><td>609<span>David Krause / Sophia Maier</span></td><td>610<span>Jonathan Kummetz / ElisabethFindeiß</span></td><td>611<span>Raphael Michel / Carolin Kimmig</span></td><td>612<span>Sebastian Moch / Anna MelinaFaude</span></td><td>613<span>Stefan Mühl / Eva Horlebein</span></td><td>614<span>Thorsten Olemotz / JenniferAlbach</span></td></tr><tr><td>AT) Bärschneider, Marcus<br/>AX) Block, Robert<br/>BW) Kirchwehm,Susanne<br/>CJ) Mäser, Erich<br/>EK) Landauer, Peter</td><td>1<br/>3<br/>2<br/>3<br/>3</td><td>2<br/>1<br/>1<br/>3<br/>1</td><td>3<br/>2<br/>2<br/>2<br/>1</td><td>3<br/>3<br/>3<br/>3<br/>2</td><td>2<br/>1<br/>3<br/>2<br/>2</td><td>0<br/>2<br/>2<br/>1<br/>3</td><td>3<br/>3<br/>3<br/>3<br/>2</td><td>3<br/>3<br/>3<br/>3<br/>1</td><td>3<br/>2<br/>0<br/>1<br/>1</td><td>2<br/>2<br/>3<br/>3<br/>2</td><td>3<br/>3<br/>3<br/>3<br/>3</td><td>2<br/>3<br/>3<br/>3<br/>3</td><td>1<br/>1<br/>3<br/>2<br/>3</td><td>3<br/>3<br/>3<br/>1<br/>3</td><td>1<br/>0<br/>0<br/>0<br/>1</td></tr><tr><td>Ergebnis der Vorrunde</td><td>12</td><td>8</td><td>10</td><td>14</td><td>10</td><td>8</td><td>14</td><td>13</td><td>7</td><td>12</td><td>15</td><td>14</td><td>10</td><td>13</td><td>2</td></tr><tr><td>Qualifiziert für die 1. Zwischenrunde</td><td>X</td><td></td><td>X</td><td>X</td><td>X</td><td></td><td>X</td><td>X</td><td></td><td>X</td><td>X</td><td>X</td><td>X</td><td>X</td><td></td></tr><tr><td>AT) Bärschneider, Marcus<br/>AX) Block, Robert<br/>BW) Kirchwehm,Susanne<br/>CJ) Mäser, Erich<br/>EK) Landauer, Peter</td><td>0<br/>1<br/>2<br/>2<br/>1</td><td></td><td>3<br/>2<br/>0<br/>2<br/>0</td><td>3<br/>0<br/>1<br/>2<br/>1</td><td>0<br/>0<br/>3<br/>3<br/>2</td><td></td><td>2<br/>0<br/>3<br/>0<br/>3</td><td>2<br/>3<br/>1<br/>1<br/>2</td><td></td><td>2<br/>3<br/>3<br/>3<br/>2</td><td>3<br/>3<br/>3<br/>3<br/>3</td><td>2<br/>3<br/>3<br/>2<br/>3</td><td>0<br/>3<br/>0<br/>2<br/>0</td><td>3<br/>2<br/>3<br/>2<br/>3</td><td></td></tr><tr><td>Ergebnis der 1. Zwischenrunde</td><td>6</td><td></td><td>7</td><td>7</td><td>8</td><td></td><td>8</td><td>9</td><td></td><td>13</td><td>15</td><td>13</td><td>5</td><td>13</td><td></td></tr><tr><td>Qualifiziert für die 2. Zwischenrunde</td><td></td><td></td><td></td><td></td><td>X</td><td></td><td>X</td><td>X</td><td></td><td>X</td><td>X</td><td>X</td><td></td><td>X</td><td></td></tr><tr><td>AT) Bärschneider, Marcus<br/>AX) Block, Robert<br/>BW) Kirchwehm,Susanne<br/>CJ) Mäser, Erich<br/>EK) Landauer, Peter</td><td></td><td></td><td></td><td></td><td>0<br/>0<br/>1<br/>1<br/>0</td><td></td><td>3<br/>0<br/>0<br/>0<br/>0</td><td>0<br/>2<br/>1<br/>1<br/>1</td><td></td><td>0<br/>2<br/>0<br/>2<br/>0</td><td>3<br/>3<br/>3<br/>3<br/>3</td><td>0<br/>3<br/>2<br/>0<br/>3</td><td></td><td>2<br/>1<br/>0<br/>0<br/>2</td><td></td></tr><tr><td>Ergebnis der 2. Zwischenrunde</td><td></td><td></td><td></td><td></td><td>2</td><td></td><td>3</td><td>5</td><td></td><td>4</td><td>15</td><td>8</td><td></td><td>5</td><td></td></tr><tr><td>Qualifiziert für die Endrunde</td><td></td><td></td><td></td><td></td><td></td><td></td><td></td><td></td><td></td><td></td><td>X</td><td>X</td><td></td><td></td><td></td></tr><tr><td>Addition Endrunde</td><td></td><td></td><td></td><td></td><td></td><td></td><td></td><td></td><td></td><td></td><td>3,0</td><td>12,0</td><td></td><td></td><td></td></tr><tr><td>Startnummer</td><td>600<span>Georg Arndt / Anika Johlke</span></td><td>601<span>Marco Conrad / Alina Tempelmann</span></td><td>602<span>Jan Dingerkus / Diana Vorst</span></td><td>603<span>Jonas Dreier / Johanna Grebe</span></td><td>604<span>Felix Gasteiger / NathalieGleixner</span></td><td>605<span>Carsten Giersberg / JenniferRath</span></td><td>606<span>Simon Junski / Carolin Schilpp</span></td><td>607<span>Tobias Knop / Cathrin Rube</span></td><td>608<span>Nicolas Koch / ChristinaKalliafa</span></td><td>609<span>David Krause / Sophia Maier</span></td><td>610<span>Jonathan Kummetz / ElisabethFindeiß</span></td><td>611<span>Raphael Michel / Carolin Kimmig</span></td><td>612<span>Sebastian Moch / Anna MelinaFaude</span></td><td>613<span>Stefan Mühl / Eva Horlebein</span></td><td>614<span>Thorsten Olemotz / JenniferAlbach</span></td></tr><tr><td>Platz von<br/>Platz bis</td><td>16<br/></td><td>19<br/>21</td><td>14<br/>15</td><td>14<br/>15</td><td>12<br/>13</td><td>19<br/>21</td><td>11<br/></td><td>8<br/>9</td><td>22<br/>23</td><td>10<br/></td><td>1<br/></td><td>4<br/></td><td>17<br/></td><td>8<br/>9</td><td>25<br/></td></tr><tr><td>Aufstiegspunkte</td><td>9</td><td>4</td><td>10</td><td>10</td><td>12</td><td>4</td><td>14</td><td>16</td><td>2</td><td>15</td><td>20</td><td>20</td><td>8</td><td>16</td><td>0</td></tr></table><br/><table><tr><td>Anzahl Teilnehmer: 25</td><td>Startnummer</td></tr><tr><td>Wertungsrichter</td><td>615<span>Emanuel Ostermaier / KatharinaDropmann</span></td><td>616<span>Konstantin Plöger / LauraUtz</span></td><td>617<span>Maik Rau / Carina Rau</span></td><td>618<span>Thomas Rösch / Ganna Kovtun</span></td><td>619<span>Sullivan Sadzik / Laura Mayer</span></td><td>620<span>Waldemar Schilke / IsabellGrubert</span></td><td>621<span>Thilo Schmid / Katharina Zierer</span></td><td>622<span>Lukas Thürmer / MadeleineKlotzbücher</span></td><td>623<span>Daniel Vitt / TatjanaPankratz-Milstein</span></td><td>624<span>Linus Witascheck / GildaStechhan</span></td><td><span></span></td><td><span></span></td><td><span></span></td><td><span></span></td><td><span></span></td></tr><tr><td>AT) Bärschneider, Marcus<br/>AX) Block, Robert<br/>BW) Kirchwehm,Susanne<br/>CJ) Mäser, Erich<br/>EK) Landauer, Peter</td><td>2<br/>3<br/>3<br/>1<br/>3</td><td>3<br/>3<br/>3<br/>2<br/>2</td><td>3<br/>3<br/>3<br/>2<br/>3</td><td>1<br/>2<br/>0<br/>1<br/>3</td><td>3<br/>3<br/>3<br/>3<br/>3</td><td>0<br/>2<br/>2<br/>3<br/>2</td><td>3<br/>2<br/>3<br/>2<br/>3</td><td>2<br/>1<br/>1<br/>2<br/>0</td><td>2<br/>1<br/>0<br/>2<br/>3</td><td>3<br/>2<br/>2<br/>3<br/>1</td><td></td><td></td><td></td><td></td><td></td></tr><tr><td>Ergebnis der Vorrunde</td><td>12</td><td>13</td><td>14</td><td>7</td><td>15</td><td>9</td><td>13</td><td>6</td><td>8</td><td>11</td><td></td><td></td><td></td><td></td><td></td></tr><tr><td>Qualifiziert für die 1. Zwischenrunde</td><td>X</td><td>X</td><td>X</td><td></td><td>X</td><td>X</td><td>X</td><td></td><td></td><td>X</td><td></td><td></td><td></td><td></td><td></td></tr><tr><td>AT) Bärschneider, Marcus<br/>AX) Block, Robert<br/>BW) Kirchwehm,Susanne<br/>CJ) Mäser, Erich<br/>EK) Landauer, Peter</td><td>2<br/>2<br/>3<br/>3<br/>3</td><td>3<br/>3<br/>3<br/>2<br/>3</td><td>3<br/>3<br/>3<br/>2<br/>3</td><td></td><td>3<br/>3<br/>3<br/>2<br/>3</td><td>2<br/>0<br/>0<br/>1<br/>1</td><td>1<br/>3<br/>0<br/>2<br/>3</td><td></td><td></td><td>2<br/>2<br/>2<br/>2<br/>0</td><td></td><td></td><td></td><td></td><td></td></tr><tr><td>Ergebnis der 1. Zwischenrunde</td><td>13</td><td>14</td><td>14</td><td></td><td>14</td><td>4</td><td>9</td><td></td><td></td><td>8</td><td></td><td></td><td></td><td></td><td></td></tr><tr><td>Qualifiziert für die 2. Zwischenrunde</td><td>X</td><td>X</td><td>X</td><td></td><td>X</td><td></td><td>X</td><td></td><td></td><td>X</td><td></td><td></td><td></td><td></td><td></td></tr><tr><td>AT) Bärschneider, Marcus<br/>AX) Block, Robert<br/>BW) Kirchwehm,Susanne<br/>CJ) Mäser, Erich<br/>EK) Landauer, Peter</td><td>1<br/>2<br/>2<br/>1<br/>1</td><td>3<br/>2<br/>3<br/>2<br/>2</td><td>3<br/>2<br/>3<br/>1<br/>2</td><td></td><td>3<br/>0<br/>3<br/>3<br/>1</td><td></td><td>0<br/>0<br/>0<br/>3<br/>3</td><td></td><td></td><td>0<br/>1<br/>0<br/>1<br/>0</td><td></td><td></td><td></td><td></td><td></td></tr><tr><td>Ergebnis der 2. Zwischenrunde</td><td>7</td><td>12</td><td>11</td><td></td><td>10</td><td></td><td>6</td><td></td><td></td><td>2</td><td></td><td></td><td></td><td></td><td></td></tr><tr><td>Qualifiziert für die Endrunde</td><td>X</td><td>X</td><td>X</td><td></td><td>X</td><td></td><td></td><td></td><td></td><td></td><td></td><td></td><td></td><td></td><td></td></tr><tr><td>Addition Endrunde</td><td>17,0</td><td>7,0</td><td>11,0</td><td></td><td>13,0</td><td></td><td></td><td></td><td></td><td></td><td></td><td></td><td></td><td></td><td></td></tr><tr><td>Startnummer</td><td>615<span>Emanuel Ostermaier / KatharinaDropmann</span></td><td>616<span>Konstantin Plöger / LauraUtz</span></td><td>617<span>Maik Rau / Carina Rau</span></td><td>618<span>Thomas Rösch / Ganna Kovtun</span></td><td>619<span>Sullivan Sadzik / Laura Mayer</span></td><td>620<span>Waldemar Schilke / IsabellGrubert</span></td><td>621<span>Thilo Schmid / Katharina Zierer</span></td><td>622<span>Lukas Thürmer / MadeleineKlotzbücher</span></td><td>623<span>Daniel Vitt / TatjanaPankratz-Milstein</span></td><td>624<span>Linus Witascheck / GildaStechhan</span></td><td><span></span></td><td><span></span></td><td><span></span></td><td><span></span></td><td><span></span></td></tr><tr><td>Platz von<br/>Platz bis</td><td>6<br/></td><td>2<br/></td><td>3<br/></td><td>22<br/>23</td><td>5<br/></td><td>18<br/></td><td>7<br/></td><td>24<br/></td><td>19<br/>21</td><td>12<br/>13</td><td><br/></td><td><br/></td><td><br/></td><td><br/></td><td><br/></td></tr><tr><td>Aufstiegspunkte</td><td>19</td><td>20</td><td>20</td><td>2</td><td>20</td><td>7</td><td>0</td><td>1</td><td>4</td><td>12</td><td></td><td></td><td></td><td></td><td></td></tr></table><br/><br/></div></div></div></body></html>
