<!DOCTYPE html>
<html>
 <head>
  <meta content="text/html; charset=utf-8" http-equiv="Content-Type"/>
  <title>
   11.05.2024 OT, Hgr.II B Standard
  </title>
 </head>
 <body>
  <div>
   <div>
    <table>
     <tr>
      <td>
       11.05.2024 - OT, Hgr.II B Standard
      </td>
     </tr>
    </table>
   </div>
   <div>
    <div>
     Deckblatt
    </div>
    <hr/>
    <div>
     <table>
      <tr>
       <td>
        Veranstalter:
       </td>
       <td>
        Hessischer Tanzsportverband
       </td>
      </tr>
      <tr>
       <td>
        Ausrichter:
       </td>
       <td>
        Hessischer Tanzsportverband
       </td>
      </tr>
      <tr>
       <td>
        Turnierleiter:
       </td>
       <td>
        <span>
         Jungbluth, Kai
        </span>
        <span>
         Tanz-Sport-Club Fischbach
        </span>
       </td>
      </tr>
      <tr>
       <td>
        Beisitzer:
       </td>
       <td>
        <span>
         Rahaus, Markus
        </span>
        <span>
         Schwarz-Rot-Club Wetzlar
        </span>
       </td>
      </tr>
      <tr>
       <td>
        Protokoll:
       </td>
       <td>
        <span>
         tanzt, EDV-Team Hessen
        </span>
       </td>
      </tr>
      <tr>
       <td>
        Wertungsrichter:
       </td>
      </tr>
      <tr>
       <td>
        BI:
       </td>
       <td>
        <span>
         Fleischer, Georg
        </span>
        <span>
         Gr체n-Gold-Casino Wuppertal
        </span>
       </td>
      </tr>
      <tr>
       <td>
        CP:
       </td>
       <td>
        <span>
         Peinke-Dean, Lutz
        </span>
        <span>
         Tanzsportklub Residenz Dresden
        </span>
       </td>
      </tr>
      <tr>
       <td>
        DK:
       </td>
       <td>
        <span>
         Wenzel, Harald
        </span>
        <span>
         Rot-Weiss-Klub Kassel
        </span>
       </td>
      </tr>
      <tr>
       <td>
        DL:
       </td>
       <td>
        <span>
         Wied, Dr. Andrea
        </span>
        <span>
         Markgr채fler TSC, M체llheim
        </span>
       </td>
      </tr>
      <tr>
       <td>
        DR:
       </td>
       <td>
        <span>
         Zuber, Dr. Pascal
        </span>
        <span>
         TSC Metropol Hofheim
        </span>
       </td>
      </tr>
      <tr>
       <td>
        EL:
       </td>
       <td>
        <span>
         Lein, Roland
        </span>
        <span>
         TC Rot-Gold W체rzburg
        </span>
       </td>
      </tr>
      <tr>
       <td>
        EU:
       </td>
       <td>
        <span>
         Reher, Thomas
        </span>
        <span>
         TSC Werne
        </span>
       </td>
      </tr>
     </table>
     <br/>
    </div>
   </div>
  </div>
 </body>
</html>
