<!DOCTYPE html>
<html>
 <head>
  <meta content="text/html; charset=utf-8" http-equiv="Content-Type"/>
  <title>
   11.05.2024 Hgr.II B Standard
  </title>
 </head>
 <body>
  <div>
   <div>
    <table>
     <tr>
      <td>
       11.05.2024 - OT, Hgr.II B Standard "2"
      </td>
     </tr>
    </table>
   </div>
   <div>
    <div>
     Ergebnis
    </div>
    <hr/>
    <div>
     <table>
      <tr>
       <td>
        Endrunde
       </td>
      </tr>
      <tr>
       <td>
        Platz
       </td>
       <td>
        Paar/Club
       </td>
       <td>
        LW
       </td>
       <td>
        TG
       </td>
       <td>
        WW
       </td>
       <td>
        SF
       </td>
       <td>
        QU
       </td>
       <td>
        PZ
       </td>
      </tr>
      <tr>
       <td>
        1.
       </td>
       <td>
        Maximilian Beichter / Melissa Hagel (401)
        <br/>
        <i>
         TSC Astoria Karlsruhe
        </i>
       </td>
       <td>
        2111114
        <br/>
        <div>
         1.0
        </div>
       </td>
       <td>
        2211213
        <br/>
        <div>
         1.0
        </div>
       </td>
       <td>
        2211213
        <br/>
        <div>
         1.0
        </div>
       </td>
       <td>
        1111212
        <br/>
        <div>
         1.0
        </div>
       </td>
       <td>
        2211212
        <br/>
        <div>
         1.0
        </div>
       </td>
       <td>
        <br/>
        5.0
       </td>
      </tr>
      <tr>
       <td>
        2.
       </td>
       <td>
        Leif-Erik Montag / Johanna Wille (421)
        <br/>
        <i>
         Tanzsportteam im ASC Göttingen v. 1846
        </i>
       </td>
       <td>
        1244331
        <br/>
        <div>
         2.0
        </div>
       </td>
       <td>
        1135341
        <br/>
        <div>
         2.0
        </div>
       </td>
       <td>
        1144521
        <br/>
        <div>
         2.0
        </div>
       </td>
       <td>
        2244321
        <br/>
        <div>
         2.0
        </div>
       </td>
       <td>
        1134331
        <br/>
        <div>
         2.0
        </div>
       </td>
       <td>
        <br/>
        10.0
       </td>
      </tr>
      <tr>
       <td>
        3.
       </td>
       <td>
        Marcus Nguyen Ngoc / Lea Teßmer (423)
        <br/>
        <i>
         Club Céronne im ETV Hamburg
        </i>
       </td>
       <td>
        6362245
        <br/>
        <div>
         3.0
        </div>
       </td>
       <td>
        5352135
        <br/>
        <div>
         3.0
        </div>
       </td>
       <td>
        6363136
        <br/>
        <div>
         3.0
        </div>
       </td>
       <td>
        6363145
        <br/>
        <div>
         3.0
        </div>
       </td>
       <td>
        5352125
        <br/>
        <div>
         3.0
        </div>
       </td>
       <td>
        <br/>
        15.0
       </td>
      </tr>
      <tr>
       <td>
        4.
       </td>
       <td>
        Patrick Dahm / Sandra Schwarz (408)
        <br/>
        <i>
         TC Der Frankfurter Kreis
        </i>
       </td>
       <td>
        5553423
        <br/>
        <div>
         4.0
        </div>
       </td>
       <td>
        4563424
        <br/>
        <div>
         4.0
        </div>
       </td>
       <td>
        5552342
        <br/>
        <div>
         4.0
        </div>
       </td>
       <td>
        4552533
        <br/>
        <div>
         4.0
        </div>
       </td>
       <td>
        4563444
        <br/>
        <div>
         4.0
        </div>
       </td>
       <td>
        <br/>
        20.0
       </td>
      </tr>
      <tr>
       <td>
        5.
       </td>
       <td>
        Christopher Buchloh-Rosenthal / Analena Koch (405)
        <br/>
        <i>
         Rot-Weiss-Klub Kassel
        </i>
       </td>
       <td>
        3435556
        <br/>
        <div>
         5.0
        </div>
       </td>
       <td>
        3446566
        <br/>
        <div>
         6.0
        </div>
       </td>
       <td>
        3435455
        <br/>
        <div>
         5.0
        </div>
       </td>
       <td>
        3436456
        <br/>
        <div>
         5.0
        </div>
       </td>
       <td>
        3426556
        <br/>
        <div>
         5.0
        </div>
       </td>
       <td>
        <br/>
        26.0
       </td>
      </tr>
      <tr>
       <td>
        6.
       </td>
       <td>
        Jakob Hinz / Vivien Bachmann (415)
        <br/>
        <i>
         TC Kristall Jena
        </i>
       </td>
       <td>
        4626662
        <br/>
        <div>
         6.0
        </div>
       </td>
       <td>
        6624652
        <br/>
        <div>
         5.0
        </div>
       </td>
       <td>
        4626664
        <br/>
        <div>
         6.0
        </div>
       </td>
       <td>
        5625664
        <br/>
        <div>
         6.0
        </div>
       </td>
       <td>
        6645663
        <br/>
        <div>
         6.0
        </div>
       </td>
       <td>
        <br/>
        29.0
       </td>
      </tr>
     </table>
     <table>
      <tr>
       <td>
        2. Zwischenrunde
       </td>
      </tr>
      <tr>
       <td>
        7.
       </td>
       <td>
        Mariusz Budek / Marta Budek (406)
       </td>
       <td>
        TSC Villingen-Schwenningen
       </td>
      </tr>
      <tr>
       <td>
        8.
       </td>
       <td>
        Christoph Hanisch / Kaja Zoé Pfüller (412)
       </td>
       <td>
        UTSC Choice Styria
       </td>
      </tr>
      <tr>
       <td>
        9.
       </td>
       <td>
        Sebastian Hellmann / Melanie Oberhauser (414)
       </td>
       <td>
        TTC Oldenburg
       </td>
      </tr>
      <tr>
       <td>
        10.
       </td>
       <td>
        Oliver Neumann / Anna-Maria Ehinger (422)
       </td>
       <td>
        TSC Astoria Karlsruhe
       </td>
      </tr>
      <tr>
       <td>
        11.- 12.
       </td>
       <td>
        Ruslan Wellner / Tabea Kilian (430)
       </td>
       <td>
        Braunschweig Dance Company
       </td>
      </tr>
      <tr>
       <td>
        11.- 12.
       </td>
       <td>
        Leo Werner / Fabienne Theobalt (432)
       </td>
       <td>
        TC Rot-Weiss Casino Mainz
       </td>
      </tr>
      <tr>
       <td>
        1. Zwischenrunde
       </td>
      </tr>
      <tr>
       <td>
        13.- 14.
       </td>
       <td>
        Uli Kunz / Saskia Morcinczyk (420)
       </td>
       <td>
        TSC Grün-Gold Speyer
       </td>
      </tr>
      <tr>
       <td>
        13.- 14.
       </td>
       <td>
        Martin Wenhart / Lisa Harrell (431)
       </td>
       <td>
        TSC dancepoint, Königsbrunn
       </td>
      </tr>
      <tr>
       <td>
        15.
       </td>
       <td>
        René Kaczorowski / Cindy Hebert (417)
       </td>
       <td>
        Tanzsportverein Schwarz-Weiß Freiberg
       </td>
      </tr>
      <tr>
       <td>
        16.
       </td>
       <td>
        Benedikt Ernst / Tanja Esche (411)
       </td>
       <td>
        TSC Rot-Gold-Casino Nürnberg
       </td>
      </tr>
      <tr>
       <td>
        17.
       </td>
       <td>
        Fabian Beckmann / Katrin Langert (400)
       </td>
       <td>
        TSC Schwarz-Gelb Aachen
       </td>
      </tr>
      <tr>
       <td>
        18.- 19.
       </td>
       <td>
        Patrick Rach / Lorena Kimmel (427)
       </td>
       <td>
        TC Rot-Weiss Casino Mainz
       </td>
      </tr>
      <tr>
       <td>
        18.- 19.
       </td>
       <td>
        Enrico Weber / Anne-Kathrin Nitt-Weber (429)
       </td>
       <td>
        Tanzsportzentrum Dresden
       </td>
      </tr>
      <tr>
       <td>
        20.
       </td>
       <td>
        Max Kirchenberger / Friederike Rust (418)
       </td>
       <td>
        TTC München
       </td>
      </tr>
      <tr>
       <td>
        21.- 22.
       </td>
       <td>
        Johannes Kreim / Rebecca Gonzalez-Ringer (419)
       </td>
       <td>
        TC Rot-Weiss Casino Mainz
       </td>
      </tr>
      <tr>
       <td>
        21.- 22.
       </td>
       <td>
        Patrik Pollak / Pia Feischen (426)
       </td>
       <td>
        TSC Grün-Gold Heidelberg
       </td>
      </tr>
      <tr>
       <td>
        23.- 24.
       </td>
       <td>
        Christopher Brix / Sandra Kuhfus (403)
       </td>
       <td>
        TSC Grün-Weiß Aquisgrana Aachen
       </td>
      </tr>
      <tr>
       <td>
        23.- 24.
       </td>
       <td>
        Michael Wrusch / Dan Feng Tian Helena Liang (434)
       </td>
       <td>
        OTK Schwarz-Weiß 1922 im SCS Berlin
       </td>
      </tr>
      <tr>
       <td>
        Vorrunde
       </td>
      </tr>
      <tr>
       <td>
        25.- 26.
       </td>
       <td>
        Dr. Michel Oelschlägel / Dagmar Lina Ganz (424)
       </td>
       <td>
        Tanzsportverein Schwarz-Weiß Freiberg
       </td>
      </tr>
      <tr>
       <td>
        25.- 26.
       </td>
       <td>
        Matty Schiller / Anne Wienhold (428)
       </td>
       <td>
        TSA d. TTC Allround Rostock
       </td>
      </tr>
      <tr>
       <td>
        27.- 28.
       </td>
       <td>
        Christoph Hellings / Maria Korosteleva (413)
       </td>
       <td>
        Switzerland
       </td>
      </tr>
      <tr>
       <td>
        27.- 28.
       </td>
       <td>
        Michael Hopf / Iris Hopf (416)
       </td>
       <td>
        TSC Unterschleißheim
       </td>
      </tr>
      <tr>
       <td>
        29.
       </td>
       <td>
        Thomas Brunnengräber / Mirjam Tittlus (404)
       </td>
       <td>
        TC Blau-Orange Wiesbaden
       </td>
      </tr>
      <tr>
       <td>
        30.
       </td>
       <td>
        Robert Podgajny / Olesya Oshchepkova (425)
       </td>
       <td>
        TTC Rot-Weiß Freiburg
       </td>
      </tr>
      <tr>
       <td>
        31.
       </td>
       <td>
        Florian Dammeyer / Yasmin Deborah Gers (409)
       </td>
       <td>
        Die Residenz Münster
       </td>
      </tr>
     </table>
     <br/>
    </div>
   </div>
  </div>
 </body>
</html>
