<!DOCTYPE html>
<html>
 <head>
  <meta content="text/html; charset=utf-8" http-equiv="Content-Type"/>
  <title>
   11.05.2024 Hgr.II B Standard
  </title>
 </head>
 <body>
  <div>
   <div>
    <table>
     <tr>
      <td>
       11.05.2024 - OT, Hgr.II B Standard "2"
      </td>
     </tr>
    </table>
   </div>
   <div>
    <div>
     Wertungstabelle Gesamt
    </div>
    <hr/>
    <div>
     <table>
      <tr>
       <td>
        Anzahl Teilnehmer: 31
       </td>
       <td>
        Startnummer
       </td>
      </tr>
      <tr>
       <td>
        Wertungsrichter
       </td>
       <td>
        400
        <span>
         Fabian Beckmann / Katrin Langert
        </span>
       </td>
       <td>
        401
        <span>
         Maximilian Beichter / Melissa Hagel
        </span>
       </td>
       <td>
        403
        <span>
         Christopher Brix / Sandra Kuhfus
        </span>
       </td>
       <td>
        404
        <span>
         Thomas Brunnengräber / Mirjam Tittlus
        </span>
       </td>
       <td>
        405
        <span>
         Christopher Buchloh-Rosenthal / Analena Koch
        </span>
       </td>
       <td>
        406
        <span>
         Mariusz Budek / Marta Budek
        </span>
       </td>
       <td>
        408
        <span>
         Patrick Dahm / Sandra Schwarz
        </span>
       </td>
       <td>
        409
        <span>
         Florian Dammeyer / Yasmin Deborah Gers
        </span>
       </td>
       <td>
        411
        <span>
         Benedikt Ernst / Tanja Esche
        </span>
       </td>
       <td>
        412
        <span>
         Christoph Hanisch / Kaja Zoé Pfüller
        </span>
       </td>
       <td>
        413
        <span>
         Christoph Hellings / Maria Korosteleva
        </span>
       </td>
       <td>
        414
        <span>
         Sebastian Hellmann / Melanie Oberhauser
        </span>
       </td>
       <td>
        415
        <span>
         Jakob Hinz / Vivien Bachmann
        </span>
       </td>
       <td>
        416
        <span>
         Michael Hopf / Iris Hopf
        </span>
       </td>
       <td>
        417
        <span>
         René Kaczorowski / Cindy Hebert
        </span>
       </td>
      </tr>
      <tr>
       <td>
        BI) Fleischer, Georg
        <br/>
        CP) Peinke-Dean, Lutz
        <br/>
        DK) Wenzel, Harald
        <br/>
        DL) Wied, Dr. Andrea
        <br/>
        DR) Zuber, Dr. Pascal
        <br/>
        EL) Lein, Roland
        <br/>
        EU) Reher, Thomas
       </td>
       <td>
        4
        <br/>
        5
        <br/>
        5
        <br/>
        4
        <br/>
        5
        <br/>
        1
        <br/>
        2
       </td>
       <td>
        5
        <br/>
        5
        <br/>
        5
        <br/>
        5
        <br/>
        5
        <br/>
        5
        <br/>
        4
       </td>
       <td>
        5
        <br/>
        4
        <br/>
        2
        <br/>
        3
        <br/>
        2
        <br/>
        5
        <br/>
        1
       </td>
       <td>
        1
        <br/>
        4
        <br/>
        4
        <br/>
        1
        <br/>
        2
        <br/>
        1
        <br/>
        1
       </td>
       <td>
        5
        <br/>
        5
        <br/>
        5
        <br/>
        4
        <br/>
        5
        <br/>
        3
        <br/>
        5
       </td>
       <td>
        5
        <br/>
        5
        <br/>
        4
        <br/>
        5
        <br/>
        4
        <br/>
        5
        <br/>
        5
       </td>
       <td>
        5
        <br/>
        5
        <br/>
        4
        <br/>
        5
        <br/>
        4
        <br/>
        5
        <br/>
        5
       </td>
       <td>
        0
        <br/>
        0
        <br/>
        2
        <br/>
        0
        <br/>
        1
        <br/>
        3
        <br/>
        0
       </td>
       <td>
        5
        <br/>
        5
        <br/>
        2
        <br/>
        4
        <br/>
        2
        <br/>
        5
        <br/>
        5
       </td>
       <td>
        5
        <br/>
        5
        <br/>
        5
        <br/>
        5
        <br/>
        5
        <br/>
        5
        <br/>
        4
       </td>
       <td>
        4
        <br/>
        0
        <br/>
        5
        <br/>
        5
        <br/>
        0
        <br/>
        1
        <br/>
        4
       </td>
       <td>
        5
        <br/>
        5
        <br/>
        4
        <br/>
        4
        <br/>
        5
        <br/>
        5
        <br/>
        5
       </td>
       <td>
        5
        <br/>
        5
        <br/>
        5
        <br/>
        5
        <br/>
        5
        <br/>
        5
        <br/>
        4
       </td>
       <td>
        0
        <br/>
        3
        <br/>
        5
        <br/>
        2
        <br/>
        1
        <br/>
        3
        <br/>
        5
       </td>
       <td>
        5
        <br/>
        5
        <br/>
        4
        <br/>
        4
        <br/>
        5
        <br/>
        4
        <br/>
        3
       </td>
      </tr>
      <tr>
       <td>
        Ergebnis der Vorrunde
       </td>
       <td>
        26
       </td>
       <td>
        34
       </td>
       <td>
        22
       </td>
       <td>
        14
       </td>
       <td>
        32
       </td>
       <td>
        33
       </td>
       <td>
        33
       </td>
       <td>
        6
       </td>
       <td>
        28
       </td>
       <td>
        34
       </td>
       <td>
        19
       </td>
       <td>
        33
       </td>
       <td>
        34
       </td>
       <td>
        19
       </td>
       <td>
        30
       </td>
      </tr>
      <tr>
       <td>
        Qualifiziert für die 1. Zwischenrunde
       </td>
       <td>
        X
       </td>
       <td>
        X
       </td>
       <td>
        X
       </td>
       <td>
        X
       </td>
       <td>
        X
       </td>
       <td>
        X
       </td>
       <td>
        X
       </td>
       <td>
        X
       </td>
       <td>
        X
       </td>
       <td>
        X
       </td>
       <td>
        X
       </td>
      </tr>
      <tr>
       <td>
        BI) Fleischer, Georg
        <br/>
        CP) Peinke-Dean, Lutz
        <br/>
        DK) Wenzel, Harald
        <br/>
        DL) Wied, Dr. Andrea
        <br/>
        DR) Zuber, Dr. Pascal
        <br/>
        EL) Lein, Roland
        <br/>
        EU) Reher, Thomas
       </td>
       <td>
        0
        <br/>
        1
        <br/>
        5
        <br/>
        1
        <br/>
        0
        <br/>
        0
        <br/>
        4
       </td>
       <td>
        5
        <br/>
        5
        <br/>
        5
        <br/>
        4
        <br/>
        5
        <br/>
        5
        <br/>
        4
       </td>
       <td>
        0
        <br/>
        0
        <br/>
        1
        <br/>
        1
        <br/>
        0
        <br/>
        2
        <br/>
        0
       </td>
       <td>
        4
        <br/>
        5
        <br/>
        5
        <br/>
        2
        <br/>
        5
        <br/>
        4
        <br/>
        1
       </td>
       <td>
        4
        <br/>
        1
        <br/>
        0
        <br/>
        2
        <br/>
        5
        <br/>
        4
        <br/>
        4
       </td>
       <td>
        4
        <br/>
        4
        <br/>
        5
        <br/>
        5
        <br/>
        5
        <br/>
        5
        <br/>
        4
       </td>
       <td>
        3
        <br/>
        2
        <br/>
        0
        <br/>
        2
        <br/>
        3
        <br/>
        1
        <br/>
        2
       </td>
       <td>
        5
        <br/>
        5
        <br/>
        5
        <br/>
        3
        <br/>
        5
        <br/>
        3
        <br/>
        4
       </td>
       <td>
        4
        <br/>
        5
        <br/>
        3
        <br/>
        3
        <br/>
        0
        <br/>
        2
        <br/>
        3
       </td>
       <td>
        5
        <br/>
        5
        <br/>
        4
        <br/>
        3
        <br/>
        2
        <br/>
        5
        <br/>
        4
       </td>
       <td>
        1
        <br/>
        4
        <br/>
        2
        <br/>
        4
        <br/>
        3
        <br/>
        0
        <br/>
        0
       </td>
      </tr>
      <tr>
       <td>
        Ergebnis der 1. Zwischenrunde
       </td>
       <td>
        11
       </td>
       <td>
        33
       </td>
       <td>
        4
       </td>
       <td>
        26
       </td>
       <td>
        20
       </td>
       <td>
        32
       </td>
       <td>
        13
       </td>
       <td>
        30
       </td>
       <td>
        20
       </td>
       <td>
        28
       </td>
       <td>
        14
       </td>
      </tr>
      <tr>
       <td>
        Qualifiziert für die 2. Zwischenrunde
       </td>
       <td>
        X
       </td>
       <td>
        X
       </td>
       <td>
        X
       </td>
       <td>
        X
       </td>
       <td>
        X
       </td>
       <td>
        X
       </td>
       <td>
        X
       </td>
      </tr>
      <tr>
       <td>
        BI) Fleischer, Georg
        <br/>
        CP) Peinke-Dean, Lutz
        <br/>
        DK) Wenzel, Harald
        <br/>
        DL) Wied, Dr. Andrea
        <br/>
        DR) Zuber, Dr. Pascal
        <br/>
        EL) Lein, Roland
        <br/>
        EU) Reher, Thomas
       </td>
       <td>
        5
        <br/>
        5
        <br/>
        5
        <br/>
        4
        <br/>
        5
        <br/>
        5
        <br/>
        3
       </td>
       <td>
        3
        <br/>
        5
        <br/>
        4
        <br/>
        2
        <br/>
        5
        <br/>
        3
        <br/>
        0
       </td>
       <td>
        0
        <br/>
        0
        <br/>
        0
        <br/>
        2
        <br/>
        5
        <br/>
        3
        <br/>
        5
       </td>
       <td>
        2
        <br/>
        5
        <br/>
        4
        <br/>
        4
        <br/>
        5
        <br/>
        5
        <br/>
        5
       </td>
       <td>
        5
        <br/>
        2
        <br/>
        3
        <br/>
        1
        <br/>
        0
        <br/>
        0
        <br/>
        3
       </td>
       <td>
        4
        <br/>
        1
        <br/>
        1
        <br/>
        1
        <br/>
        0
        <br/>
        1
        <br/>
        0
       </td>
       <td>
        5
        <br/>
        2
        <br/>
        4
        <br/>
        4
        <br/>
        0
        <br/>
        2
        <br/>
        4
       </td>
      </tr>
      <tr>
       <td>
        Ergebnis der 2. Zwischenrunde
       </td>
       <td>
        32
       </td>
       <td>
        22
       </td>
       <td>
        15
       </td>
       <td>
        30
       </td>
       <td>
        14
       </td>
       <td>
        8
       </td>
       <td>
        21
       </td>
      </tr>
      <tr>
       <td>
        Qualifiziert für die Endrunde
       </td>
       <td>
        X
       </td>
       <td>
        X
       </td>
       <td>
        X
       </td>
       <td>
        X
       </td>
      </tr>
      <tr>
       <td>
        Addition Endrunde
       </td>
       <td>
        5,0
       </td>
       <td>
        26,0
       </td>
       <td>
        20,0
       </td>
       <td>
        29,0
       </td>
      </tr>
      <tr>
       <td>
        Startnummer
       </td>
       <td>
        400
        <span>
         Fabian Beckmann / Katrin Langert
        </span>
       </td>
       <td>
        401
        <span>
         Maximilian Beichter / Melissa Hagel
        </span>
       </td>
       <td>
        403
        <span>
         Christopher Brix / Sandra Kuhfus
        </span>
       </td>
       <td>
        404
        <span>
         Thomas Brunnengräber / Mirjam Tittlus
        </span>
       </td>
       <td>
        405
        <span>
         Christopher Buchloh-Rosenthal / Analena Koch
        </span>
       </td>
       <td>
        406
        <span>
         Mariusz Budek / Marta Budek
        </span>
       </td>
       <td>
        408
        <span>
         Patrick Dahm / Sandra Schwarz
        </span>
       </td>
       <td>
        409
        <span>
         Florian Dammeyer / Yasmin Deborah Gers
        </span>
       </td>
       <td>
        411
        <span>
         Benedikt Ernst / Tanja Esche
        </span>
       </td>
       <td>
        412
        <span>
         Christoph Hanisch / Kaja Zoé Pfüller
        </span>
       </td>
       <td>
        413
        <span>
         Christoph Hellings / Maria Korosteleva
        </span>
       </td>
       <td>
        414
        <span>
         Sebastian Hellmann / Melanie Oberhauser
        </span>
       </td>
       <td>
        415
        <span>
         Jakob Hinz / Vivien Bachmann
        </span>
       </td>
       <td>
        416
        <span>
         Michael Hopf / Iris Hopf
        </span>
       </td>
       <td>
        417
        <span>
         René Kaczorowski / Cindy Hebert
        </span>
       </td>
      </tr>
      <tr>
       <td>
        Platz von
        <br/>
        Platz bis
       </td>
       <td>
        17
        <br/>
       </td>
       <td>
        1
        <br/>
       </td>
       <td>
        23
        <br/>
        24
       </td>
       <td>
        29
        <br/>
       </td>
       <td>
        5
        <br/>
       </td>
       <td>
        7
        <br/>
       </td>
       <td>
        4
        <br/>
       </td>
       <td>
        31
        <br/>
       </td>
       <td>
        16
        <br/>
       </td>
       <td>
        8
        <br/>
       </td>
       <td>
        27
        <br/>
        28
       </td>
       <td>
        9
        <br/>
       </td>
       <td>
        6
        <br/>
       </td>
       <td>
        27
        <br/>
        28
       </td>
       <td>
        15
        <br/>
       </td>
      </tr>
      <tr>
       <td>
        Aufstiegspunkte
       </td>
       <td>
        14
       </td>
       <td>
        20
       </td>
       <td>
        7
       </td>
       <td>
        2
       </td>
       <td>
        20
       </td>
       <td>
        20
       </td>
       <td>
        20
       </td>
       <td>
        0
       </td>
       <td>
        15
       </td>
       <td>
        0
       </td>
       <td>
        0
       </td>
       <td>
        20
       </td>
       <td>
        20
       </td>
       <td>
        3
       </td>
       <td>
        16
       </td>
      </tr>
     </table>
     <br/>
     <table>
      <tr>
       <td>
        Anzahl Teilnehmer: 31
       </td>
       <td>
        Startnummer
       </td>
      </tr>
      <tr>
       <td>
        Wertungsrichter
       </td>
       <td>
        418
        <span>
         Max Kirchenberger / Friederike Rust
        </span>
       </td>
       <td>
        419
        <span>
         Johannes Kreim / Rebecca Gonzalez-Ringer
        </span>
       </td>
       <td>
        420
        <span>
         Uli Kunz / Saskia Morcinczyk
        </span>
       </td>
       <td>
        421
        <span>
         Leif-Erik Montag / Johanna Wille
        </span>
       </td>
       <td>
        422
        <span>
         Oliver Neumann / Anna-Maria Ehinger
        </span>
       </td>
       <td>
        423
        <span>
         Marcus Nguyen Ngoc / Lea Teßmer
        </span>
       </td>
       <td>
        424
        <span>
         Dr. Michel Oelschlägel / Dagmar Lina Ganz
        </span>
       </td>
       <td>
        425
        <span>
         Robert Podgajny / Olesya Oshchepkova
        </span>
       </td>
       <td>
        426
        <span>
         Patrik Pollak / Pia Feischen
        </span>
       </td>
       <td>
        427
        <span>
         Patrick Rach / Lorena Kimmel
        </span>
       </td>
       <td>
        428
        <span>
         Matty Schiller / Anne Wienhold
        </span>
       </td>
       <td>
        429
        <span>
         Enrico Weber / Anne-Kathrin Nitt-Weber
        </span>
       </td>
       <td>
        430
        <span>
         Ruslan Wellner / Tabea Kilian
        </span>
       </td>
       <td>
        431
        <span>
         Martin Wenhart / Lisa Harrell
        </span>
       </td>
       <td>
        432
        <span>
         Leo Werner / Fabienne Theobalt
        </span>
       </td>
      </tr>
      <tr>
       <td>
        BI) Fleischer, Georg
        <br/>
        CP) Peinke-Dean, Lutz
        <br/>
        DK) Wenzel, Harald
        <br/>
        DL) Wied, Dr. Andrea
        <br/>
        DR) Zuber, Dr. Pascal
        <br/>
        EL) Lein, Roland
        <br/>
        EU) Reher, Thomas
       </td>
       <td>
        5
        <br/>
        3
        <br/>
        2
        <br/>
        5
        <br/>
        4
        <br/>
        4
        <br/>
        3
       </td>
       <td>
        4
        <br/>
        4
        <br/>
        3
        <br/>
        3
        <br/>
        5
        <br/>
        5
        <br/>
        4
       </td>
       <td>
        4
        <br/>
        1
        <br/>
        5
        <br/>
        4
        <br/>
        5
        <br/>
        5
        <br/>
        5
       </td>
       <td>
        5
        <br/>
        5
        <br/>
        5
        <br/>
        5
        <br/>
        5
        <br/>
        5
        <br/>
        5
       </td>
       <td>
        5
        <br/>
        4
        <br/>
        5
        <br/>
        5
        <br/>
        5
        <br/>
        3
        <br/>
        4
       </td>
       <td>
        5
        <br/>
        5
        <br/>
        5
        <br/>
        5
        <br/>
        5
        <br/>
        5
        <br/>
        5
       </td>
       <td>
        3
        <br/>
        3
        <br/>
        3
        <br/>
        4
        <br/>
        1
        <br/>
        2
        <br/>
        5
       </td>
       <td>
        2
        <br/>
        0
        <br/>
        0
        <br/>
        1
        <br/>
        5
        <br/>
        0
        <br/>
        2
       </td>
       <td>
        5
        <br/>
        3
        <br/>
        4
        <br/>
        4
        <br/>
        4
        <br/>
        4
        <br/>
        5
       </td>
       <td>
        5
        <br/>
        5
        <br/>
        4
        <br/>
        3
        <br/>
        5
        <br/>
        5
        <br/>
        4
       </td>
       <td>
        0
        <br/>
        5
        <br/>
        4
        <br/>
        4
        <br/>
        2
        <br/>
        3
        <br/>
        3
       </td>
       <td>
        2
        <br/>
        5
        <br/>
        3
        <br/>
        3
        <br/>
        4
        <br/>
        4
        <br/>
        5
       </td>
       <td>
        5
        <br/>
        5
        <br/>
        3
        <br/>
        5
        <br/>
        5
        <br/>
        5
        <br/>
        4
       </td>
       <td>
        5
        <br/>
        5
        <br/>
        4
        <br/>
        5
        <br/>
        4
        <br/>
        5
        <br/>
        5
       </td>
       <td>
        5
        <br/>
        5
        <br/>
        5
        <br/>
        3
        <br/>
        5
        <br/>
        5
        <br/>
        5
       </td>
      </tr>
      <tr>
       <td>
        Ergebnis der Vorrunde
       </td>
       <td>
        26
       </td>
       <td>
        28
       </td>
       <td>
        29
       </td>
       <td>
        35
       </td>
       <td>
        31
       </td>
       <td>
        35
       </td>
       <td>
        21
       </td>
       <td>
        10
       </td>
       <td>
        29
       </td>
       <td>
        31
       </td>
       <td>
        21
       </td>
       <td>
        26
       </td>
       <td>
        32
       </td>
       <td>
        33
       </td>
       <td>
        33
       </td>
      </tr>
      <tr>
       <td>
        Qualifiziert für die 1. Zwischenrunde
       </td>
       <td>
        X
       </td>
       <td>
        X
       </td>
       <td>
        X
       </td>
       <td>
        X
       </td>
       <td>
        X
       </td>
       <td>
        X
       </td>
       <td>
        X
       </td>
       <td>
        X
       </td>
       <td>
        X
       </td>
       <td>
        X
       </td>
       <td>
        X
       </td>
       <td>
        X
       </td>
      </tr>
      <tr>
       <td>
        BI) Fleischer, Georg
        <br/>
        CP) Peinke-Dean, Lutz
        <br/>
        DK) Wenzel, Harald
        <br/>
        DL) Wied, Dr. Andrea
        <br/>
        DR) Zuber, Dr. Pascal
        <br/>
        EL) Lein, Roland
        <br/>
        EU) Reher, Thomas
       </td>
       <td>
        3
        <br/>
        0
        <br/>
        0
        <br/>
        3
        <br/>
        0
        <br/>
        0
        <br/>
        1
       </td>
       <td>
        0
        <br/>
        0
        <br/>
        1
        <br/>
        2
        <br/>
        0
        <br/>
        1
        <br/>
        2
       </td>
       <td>
        1
        <br/>
        1
        <br/>
        1
        <br/>
        2
        <br/>
        5
        <br/>
        2
        <br/>
        3
       </td>
       <td>
        5
        <br/>
        5
        <br/>
        5
        <br/>
        4
        <br/>
        5
        <br/>
        5
        <br/>
        5
       </td>
       <td>
        3
        <br/>
        1
        <br/>
        5
        <br/>
        0
        <br/>
        4
        <br/>
        5
        <br/>
        5
       </td>
       <td>
        3
        <br/>
        5
        <br/>
        2
        <br/>
        4
        <br/>
        5
        <br/>
        4
        <br/>
        2
       </td>
       <td>
        1
        <br/>
        0
        <br/>
        0
        <br/>
        2
        <br/>
        0
        <br/>
        3
        <br/>
        0
       </td>
       <td>
        0
        <br/>
        0
        <br/>
        2
        <br/>
        4
        <br/>
        0
        <br/>
        0
        <br/>
        3
       </td>
       <td>
        0
        <br/>
        4
        <br/>
        0
        <br/>
        2
        <br/>
        0
        <br/>
        0
        <br/>
        3
       </td>
       <td>
        3
        <br/>
        3
        <br/>
        1
        <br/>
        2
        <br/>
        5
        <br/>
        1
        <br/>
        1
       </td>
       <td>
        3
        <br/>
        1
        <br/>
        1
        <br/>
        2
        <br/>
        1
        <br/>
        3
        <br/>
        4
       </td>
       <td>
        3
        <br/>
        3
        <br/>
        4
        <br/>
        2
        <br/>
        2
        <br/>
        5
        <br/>
        1
       </td>
      </tr>
      <tr>
       <td>
        Ergebnis der 1. Zwischenrunde
       </td>
       <td>
        7
       </td>
       <td>
        6
       </td>
       <td>
        15
       </td>
       <td>
        34
       </td>
       <td>
        23
       </td>
       <td>
        25
       </td>
       <td>
        6
       </td>
       <td>
        9
       </td>
       <td>
        9
       </td>
       <td>
        16
       </td>
       <td>
        15
       </td>
       <td>
        20
       </td>
      </tr>
      <tr>
       <td>
        Qualifiziert für die 2. Zwischenrunde
       </td>
       <td>
        X
       </td>
       <td>
        X
       </td>
       <td>
        X
       </td>
       <td>
        X
       </td>
       <td>
        X
       </td>
      </tr>
      <tr>
       <td>
        BI) Fleischer, Georg
        <br/>
        CP) Peinke-Dean, Lutz
        <br/>
        DK) Wenzel, Harald
        <br/>
        DL) Wied, Dr. Andrea
        <br/>
        DR) Zuber, Dr. Pascal
        <br/>
        EL) Lein, Roland
        <br/>
        EU) Reher, Thomas
       </td>
       <td>
        5
        <br/>
        5
        <br/>
        4
        <br/>
        5
        <br/>
        5
        <br/>
        5
        <br/>
        5
       </td>
       <td>
        0
        <br/>
        0
        <br/>
        4
        <br/>
        0
        <br/>
        0
        <br/>
        1
        <br/>
        1
       </td>
       <td>
        1
        <br/>
        5
        <br/>
        0
        <br/>
        5
        <br/>
        5
        <br/>
        4
        <br/>
        4
       </td>
       <td>
        0
        <br/>
        0
        <br/>
        1
        <br/>
        0
        <br/>
        0
        <br/>
        1
        <br/>
        0
       </td>
       <td>
        0
        <br/>
        0
        <br/>
        0
        <br/>
        2
        <br/>
        0
        <br/>
        0
        <br/>
        0
       </td>
      </tr>
      <tr>
       <td>
        Ergebnis der 2. Zwischenrunde
       </td>
       <td>
        34
       </td>
       <td>
        6
       </td>
       <td>
        24
       </td>
       <td>
        2
       </td>
       <td>
        2
       </td>
      </tr>
      <tr>
       <td>
        Qualifiziert für die Endrunde
       </td>
       <td>
        X
       </td>
       <td>
        X
       </td>
      </tr>
      <tr>
       <td>
        Addition Endrunde
       </td>
       <td>
        10,0
       </td>
       <td>
        15,0
       </td>
      </tr>
      <tr>
       <td>
        Startnummer
       </td>
       <td>
        418
        <span>
         Max Kirchenberger / Friederike Rust
        </span>
       </td>
       <td>
        419
        <span>
         Johannes Kreim / Rebecca Gonzalez-Ringer
        </span>
       </td>
       <td>
        420
        <span>
         Uli Kunz / Saskia Morcinczyk
        </span>
       </td>
       <td>
        421
        <span>
         Leif-Erik Montag / Johanna Wille
        </span>
       </td>
       <td>
        422
        <span>
         Oliver Neumann / Anna-Maria Ehinger
        </span>
       </td>
       <td>
        423
        <span>
         Marcus Nguyen Ngoc / Lea Teßmer
        </span>
       </td>
       <td>
        424
        <span>
         Dr. Michel Oelschlägel / Dagmar Lina Ganz
        </span>
       </td>
       <td>
        425
        <span>
         Robert Podgajny / Olesya Oshchepkova
        </span>
       </td>
       <td>
        426
        <span>
         Patrik Pollak / Pia Feischen
        </span>
       </td>
       <td>
        427
        <span>
         Patrick Rach / Lorena Kimmel
        </span>
       </td>
       <td>
        428
        <span>
         Matty Schiller / Anne Wienhold
        </span>
       </td>
       <td>
        429
        <span>
         Enrico Weber / Anne-Kathrin Nitt-Weber
        </span>
       </td>
       <td>
        430
        <span>
         Ruslan Wellner / Tabea Kilian
        </span>
       </td>
       <td>
        431
        <span>
         Martin Wenhart / Lisa Harrell
        </span>
       </td>
       <td>
        432
        <span>
         Leo Werner / Fabienne Theobalt
        </span>
       </td>
      </tr>
      <tr>
       <td>
        Platz von
        <br/>
        Platz bis
       </td>
       <td>
        20
        <br/>
       </td>
       <td>
        21
        <br/>
        22
       </td>
       <td>
        13
        <br/>
        14
       </td>
       <td>
        2
        <br/>
       </td>
       <td>
        10
        <br/>
       </td>
       <td>
        3
        <br/>
       </td>
       <td>
        25
        <br/>
        26
       </td>
       <td>
        30
        <br/>
       </td>
       <td>
        21
        <br/>
        22
       </td>
       <td>
        18
        <br/>
        19
       </td>
       <td>
        25
        <br/>
        26
       </td>
       <td>
        18
        <br/>
        19
       </td>
       <td>
        11
        <br/>
        12
       </td>
       <td>
        13
        <br/>
        14
       </td>
       <td>
        11
        <br/>
        12
       </td>
      </tr>
      <tr>
       <td>
        Aufstiegspunkte
       </td>
       <td>
        11
       </td>
       <td>
        9
       </td>
       <td>
        17
       </td>
       <td>
        20
       </td>
       <td>
        20
       </td>
       <td>
        20
       </td>
       <td>
        5
       </td>
       <td>
        1
       </td>
       <td>
        9
       </td>
       <td>
        12
       </td>
       <td>
        5
       </td>
       <td>
        12
       </td>
       <td>
        19
       </td>
       <td>
        17
       </td>
       <td>
        19
       </td>
      </tr>
     </table>
     <br/>
     <table>
      <tr>
       <td>
        Anzahl Teilnehmer: 31
       </td>
       <td>
        Startnummer
       </td>
      </tr>
      <tr>
       <td>
        Wertungsrichter
       </td>
       <td>
        434
        <span>
         Michael Wrusch / Dan Feng Tian Helena Liang
        </span>
       </td>
      </tr>
      <tr>
       <td>
        BI) Fleischer, Georg
        <br/>
        CP) Peinke-Dean, Lutz
        <br/>
        DK) Wenzel, Harald
        <br/>
        DL) Wied, Dr. Andrea
        <br/>
        DR) Zuber, Dr. Pascal
        <br/>
        EL) Lein, Roland
        <br/>
        EU) Reher, Thomas
       </td>
       <td>
        1
        <br/>
        1
        <br/>
        4
        <br/>
        5
        <br/>
        5
        <br/>
        4
        <br/>
        3
       </td>
      </tr>
      <tr>
       <td>
        Ergebnis der Vorrunde
       </td>
       <td>
        23
       </td>
      </tr>
      <tr>
       <td>
        Qualifiziert für die 1. Zwischenrunde
       </td>
       <td>
        X
       </td>
      </tr>
      <tr>
       <td>
        BI) Fleischer, Georg
        <br/>
        CP) Peinke-Dean, Lutz
        <br/>
        DK) Wenzel, Harald
        <br/>
        DL) Wied, Dr. Andrea
        <br/>
        DR) Zuber, Dr. Pascal
        <br/>
        EL) Lein, Roland
        <br/>
        EU) Reher, Thomas
       </td>
       <td>
        0
        <br/>
        0
        <br/>
        3
        <br/>
        1
        <br/>
        0
        <br/>
        0
        <br/>
        0
       </td>
      </tr>
      <tr>
       <td>
        Ergebnis der 1. Zwischenrunde
       </td>
       <td>
        4
       </td>
      </tr>
      <tr>
       <td>
        Qualifiziert für die 2. Zwischenrunde
       </td>
      </tr>
      <tr>
       <td>
        BI) Fleischer, Georg
        <br/>
        CP) Peinke-Dean, Lutz
        <br/>
        DK) Wenzel, Harald
        <br/>
        DL) Wied, Dr. Andrea
        <br/>
        DR) Zuber, Dr. Pascal
        <br/>
        EL) Lein, Roland
        <br/>
        EU) Reher, Thomas
       </td>
      </tr>
      <tr>
       <td>
        Ergebnis der 2. Zwischenrunde
       </td>
      </tr>
      <tr>
       <td>
        Qualifiziert für die Endrunde
       </td>
      </tr>
      <tr>
       <td>
        Addition Endrunde
       </td>
      </tr>
      <tr>
       <td>
        Startnummer
       </td>
       <td>
        434
        <span>
         Michael Wrusch / Dan Feng Tian Helena Liang
        </span>
       </td>
      </tr>
      <tr>
       <td>
        Platz von
        <br/>
        Platz bis
       </td>
       <td>
        23
        <br/>
        24
       </td>
       <td>
        <br/>
       </td>
       <td>
        <br/>
       </td>
       <td>
        <br/>
       </td>
       <td>
        <br/>
       </td>
       <td>
        <br/>
       </td>
       <td>
        <br/>
       </td>
       <td>
        <br/>
       </td>
       <td>
        <br/>
       </td>
       <td>
        <br/>
       </td>
       <td>
        <br/>
       </td>
       <td>
        <br/>
       </td>
       <td>
        <br/>
       </td>
       <td>
        <br/>
       </td>
       <td>
        <br/>
       </td>
      </tr>
      <tr>
       <td>
        Aufstiegspunkte
       </td>
       <td>
        7
       </td>
      </tr>
     </table>
     <br/>
     <br/>
    </div>
   </div>
  </div>
 </body>
</html>
