<!DOCTYPE html>
<html>
 <head>
  <meta content="text/html; charset=utf-8" http-equiv="Content-Type"/>
  <title>
   11.05.2024 OT, Hgr.II C Standard
  </title>
 </head>
 <body>
  <div>
   <div>
    <table>
     <tr>
      <td>
       11.05.2024 - OT, Hgr.II C Standard
      </td>
     </tr>
    </table>
   </div>
   <div>
    <div>
     Deckblatt
    </div>
    <hr/>
    <div>
     <table>
      <tr>
       <td>
        Veranstalter:
       </td>
       <td>
        Hessischer Tanzsportverband
       </td>
      </tr>
      <tr>
       <td>
        Ausrichter:
       </td>
       <td>
        Hessischer Tanzsportverband
       </td>
      </tr>
      <tr>
       <td>
        Turnierleiter:
       </td>
       <td>
        <span>
         Jungbluth, Kai
        </span>
        <span>
         Tanz-Sport-Club Fischbach
        </span>
       </td>
      </tr>
      <tr>
       <td>
        Beisitzer:
       </td>
       <td>
        <span>
         Knigge, Jens
        </span>
        <span>
         TSC Groß-Gerau d. TV 1846
        </span>
       </td>
      </tr>
      <tr>
       <td>
        Protokoll:
       </td>
       <td>
        <span>
         tanzt, EDV-Team Hessen
        </span>
       </td>
      </tr>
      <tr>
       <td>
        Wertungsrichter:
       </td>
      </tr>
      <tr>
       <td>
        AR:
       </td>
       <td>
        <span>
         Appel, Hans-Jürgen
        </span>
        <span>
         TTC Gelb-Weiss i. Post-SV Hannover
        </span>
       </td>
      </tr>
      <tr>
       <td>
        CH:
       </td>
       <td>
        <span>
         Mak, Annabel
        </span>
        <span>
         Grün-Gold-Casino Wuppertal
        </span>
       </td>
      </tr>
      <tr>
       <td>
        DC:
       </td>
       <td>
        <span>
         Schöke, Manuel
        </span>
        <span>
         TTC München
        </span>
       </td>
      </tr>
      <tr>
       <td>
        DV:
       </td>
       <td>
        <span>
         Becker, Marc
        </span>
        <span>
         TTC Fortis Nova Maintal
        </span>
       </td>
      </tr>
      <tr>
       <td>
        EY:
       </td>
       <td>
        <span>
         Schwarz, Sonja
        </span>
        <span>
         TSZ Blau-Gold Casino, Darmstadt
        </span>
       </td>
      </tr>
     </table>
     <br/>
    </div>
   </div>
  </div>
 </body>
</html>
