<!DOCTYPE html>
<html>
 <head>
  <meta content="text/html; charset=utf-8" http-equiv="Content-Type"/>
  <title>
   11.05.2024 Hgr.II C Standard
  </title>
 </head>
 <body>
  <div>
   <div>
    <table>
     <tr>
      <td>
       11.05.2024 - OT, Hgr.II C Standard "7"
      </td>
     </tr>
    </table>
   </div>
   <div>
    <div>
     Ergebnis
    </div>
    <hr/>
    <div>
     <table>
      <tr>
       <td>
        Endrunde
       </td>
      </tr>
      <tr>
       <td>
        Platz
       </td>
       <td>
        Paar/Club
       </td>
       <td>
        LW
       </td>
       <td>
        TG
       </td>
       <td>
        SF
       </td>
       <td>
        QU
       </td>
       <td>
        PZ
       </td>
      </tr>
      <tr>
       <td>
        1.
       </td>
       <td>
        Kai Klede / Amke Beenen (519)
        <br/>
        <i>
         TSC Erlangen d. TB 1888
        </i>
       </td>
       <td>
        51623
        <br/>
        <div>
         2.0
        </div>
       </td>
       <td>
        32311
        <br/>
        <div>
         1.0
        </div>
       </td>
       <td>
        61513
        <br/>
        <div>
         1.0
        </div>
       </td>
       <td>
        51512
        <br/>
        <div>
         1.0
        </div>
       </td>
       <td>
        <br/>
        5.0
       </td>
      </tr>
      <tr>
       <td>
        2.
       </td>
       <td>
        Gregor Kobsik / Angelina Kleiber (521)
        <br/>
        <i>
         TSC Grün-Weiß Aquisgrana Aachen
        </i>
       </td>
       <td>
        42132
        <br/>
        <div>
         1.0
        </div>
       </td>
       <td>
        51643
        <br/>
        <div>
         3.0
        </div>
       </td>
       <td>
        43142
        <br/>
        <div>
         2.0
        </div>
       </td>
       <td>
        42333
        <br/>
        <div>
         3.0
        </div>
       </td>
       <td>
        <br/>
        9.0
       </td>
      </tr>
      <tr>
       <td>
        3.
       </td>
       <td>
        Sebastian Hauber / Amelie Goldfuß (516)
        <br/>
        <i>
         TSA Schwarz-Gold d. ESV Ingolstadt
        </i>
       </td>
       <td>
        15441
        <br/>
        <div>
         3.0
        </div>
       </td>
       <td>
        14232
        <br/>
        <div>
         2.0
        </div>
       </td>
       <td>
        14451
        <br/>
        <div>
         4.0
        </div>
       </td>
       <td>
        16251
        <br/>
        <div>
         2.0
        </div>
       </td>
       <td>
        <br/>
        11.0
       </td>
      </tr>
      <tr>
       <td>
        4.
       </td>
       <td>
        Lukas Kuschel / Katharina Hölzchen (523)
        <br/>
        <i>
         TSC Schwarz-Gold im ASC Göttingen v 1846 e.V
        </i>
       </td>
       <td>
        24364
        <br/>
        <div>
         4.0
        </div>
       </td>
       <td>
        26465
        <br/>
        <div>
         6.0
        </div>
       </td>
       <td>
        35235
        <br/>
        <div>
         3.0
        </div>
       </td>
       <td>
        25444
        <br/>
        <div>
         4.0
        </div>
       </td>
       <td>
        <br/>
        17.0
       </td>
      </tr>
      <tr>
       <td>
        5.
       </td>
       <td>
        Dr. Felix Prihoda / Dr. Annemarie Prihoda (528)
        <br/>
        <i>
         TTC Erlangen
        </i>
       </td>
       <td>
        63515
        <br/>
        <div>
         5.0
        </div>
       </td>
       <td>
        63526
        <br/>
        <div>
         5.0
        </div>
       </td>
       <td>
        52624
        <br/>
        <div>
         5.0
        </div>
       </td>
       <td>
        63626
        <br/>
        <div>
         6.0
        </div>
       </td>
       <td>
        <br/>
        21.0
       </td>
      </tr>
      <tr>
       <td>
        6.
       </td>
       <td>
        Peter Brantsch / Luisa Böck (505)
        <br/>
        <i>
         TSC Astoria Karlsruhe
        </i>
       </td>
       <td>
        36256
        <br/>
        <div>
         6.0
        </div>
       </td>
       <td>
        45154
        <br/>
        <div>
         4.0
        </div>
       </td>
       <td>
        26366
        <br/>
        <div>
         6.0
        </div>
       </td>
       <td>
        34165
        <br/>
        <div>
         5.0
        </div>
       </td>
       <td>
        <br/>
        21.0
       </td>
      </tr>
     </table>
     <table>
      <tr>
       <td>
        2. Zwischenrunde
       </td>
      </tr>
      <tr>
       <td>
        7.
       </td>
       <td>
        Fionn Woghen Dr. Wentorp / Aila Meschgbu (509)
       </td>
       <td>
        TSC Olsberg
       </td>
      </tr>
      <tr>
       <td>
        8.
       </td>
       <td>
        Martin Günther / Sarah Pätow (514)
       </td>
       <td>
        TSC Astoria Karlsruhe
       </td>
      </tr>
      <tr>
       <td>
        9.
       </td>
       <td>
        Christian Peters / Ronja Hormes (526)
       </td>
       <td>
        TSZ Blau-Gold Casino, Darmstadt
       </td>
      </tr>
      <tr>
       <td>
        10.
       </td>
       <td>
        Nicklas Benedikt Neufang / Eva Eisenhardt, Laura (525)
       </td>
       <td>
        TSC Rot-Weiß Böblingen
       </td>
      </tr>
      <tr>
       <td>
        11.
       </td>
       <td>
        Christoph Schlüter / Franziska Gerlach (532)
       </td>
       <td>
        Tanzsportclub Dortmund
       </td>
      </tr>
      <tr>
       <td>
        12.
       </td>
       <td>
        Sebastian Damm / Jantje Rippe (506)
       </td>
       <td>
        TSA d. TV Schwanewede v. 1903
       </td>
      </tr>
      <tr>
       <td>
        13.
       </td>
       <td>
        Bernd Krauss / Jennifer Steuer (522)
       </td>
       <td>
        TSA d. TSV Schmiden
       </td>
      </tr>
      <tr>
       <td>
        1. Zwischenrunde
       </td>
      </tr>
      <tr>
       <td>
        14.- 15.
       </td>
       <td>
        Maximilian Dörner / Anita Dörner (508)
       </td>
       <td>
        TanzZentrum Ludwigshafen
       </td>
      </tr>
      <tr>
       <td>
        14.- 15.
       </td>
       <td>
        Klaus Raab / Katalin Veszpremi (529)
       </td>
       <td>
        TC Blau-Orange Wiesbaden
       </td>
      </tr>
      <tr>
       <td>
        16.- 17.
       </td>
       <td>
        Johannes Pfeiffer / Tamara Pfeiffer (527)
       </td>
       <td>
        Tanzsportclub Trier
       </td>
      </tr>
      <tr>
       <td>
        16.- 17.
       </td>
       <td>
        Frank Thiemicke / Lea Offermann (534)
       </td>
       <td>
        TSC Astoria Karlsruhe
       </td>
      </tr>
      <tr>
       <td>
        18.
       </td>
       <td>
        Marcel Rose / Imke Schwan (530)
       </td>
       <td>
        TC Kristall Jena
       </td>
      </tr>
      <tr>
       <td>
        19.- 21.
       </td>
       <td>
        Carsten Beck / Jennifer Arnold (501)
       </td>
       <td>
        TC Rot-Weiss Casino Mainz
       </td>
      </tr>
      <tr>
       <td>
        19.- 21.
       </td>
       <td>
        Markus Hajek / Eva Hajek (515)
       </td>
       <td>
        TC Rot-Weiss Casino Mainz
       </td>
      </tr>
      <tr>
       <td>
        19.- 21.
       </td>
       <td>
        Patrick Keller / Stefanie Schenker (518)
       </td>
       <td>
        TSC dancepoint, Königsbrunn
       </td>
      </tr>
      <tr>
       <td>
        22.- 23.
       </td>
       <td>
        Stefan Fischer / Mareike Maass (511)
       </td>
       <td>
        Rot-Weiß-Club Gießen
       </td>
      </tr>
      <tr>
       <td>
        22.- 23.
       </td>
       <td>
        Jakob Zwicker / Magdalena Bedner (536)
       </td>
       <td>
        Tanzclub Konstanz
       </td>
      </tr>
      <tr>
       <td>
        24.
       </td>
       <td>
        Alexander Behmer / Dr. Juliane Scheil (502)
       </td>
       <td>
        Tanzsportzentrum Wetter-Ruhr
       </td>
      </tr>
      <tr>
       <td>
        Vorrunde
       </td>
      </tr>
      <tr>
       <td>
        25.
       </td>
       <td>
        David Schneider / Sonja Wendenburg (533)
       </td>
       <td>
        TSZ Blau-Gold Casino, Darmstadt
       </td>
      </tr>
      <tr>
       <td>
        26.- 28.
       </td>
       <td>
        Andreas Baumeister / Cäcilia Benzin (500)
       </td>
       <td>
        TSC Astoria Karlsruhe
       </td>
      </tr>
      <tr>
       <td>
        26.- 28.
       </td>
       <td>
        Achim Besler / Kathrin Besler (504)
       </td>
       <td>
        TSA d. TSG 1861 Grünstadt
       </td>
      </tr>
      <tr>
       <td>
        26.- 28.
       </td>
       <td>
        Paul Wehle / Melanie Höschele (535)
       </td>
       <td>
        Tanzsportclub Balance Berlin
       </td>
      </tr>
      <tr>
       <td>
        29.- 30.
       </td>
       <td>
        Pascal Gerbert / Nelly Gerbert (512)
       </td>
       <td>
        TSC Welfen Weingarten
       </td>
      </tr>
      <tr>
       <td>
        29.- 30.
       </td>
       <td>
        Dirk Schäfer / Gertrud Lembke (531)
       </td>
       <td>
        TSZ Blau-Gold Casino, Darmstadt
       </td>
      </tr>
      <tr>
       <td>
        31.
       </td>
       <td>
        Alexander Kober / Diana Bühren (520)
       </td>
       <td>
        Tanzsportclub Dortmund
       </td>
      </tr>
      <tr>
       <td>
        32.
       </td>
       <td>
        Martin Erhardt / Svenja Mozian (510)
       </td>
       <td>
        Tanz- u. Sportzentr. Mittelrhein, Koblenz
       </td>
      </tr>
      <tr>
       <td>
        33.
       </td>
       <td>
        Patrick Hiebl / Sylvia Kißmehl (517)
       </td>
       <td>
        WTC Friedberg
       </td>
      </tr>
      <tr>
       <td>
        34.
       </td>
       <td>
        Christian Deike / Patrycja Krohn (507)
       </td>
       <td>
        1. TSZ im Turn-Klubb zu Hannover
       </td>
      </tr>
     </table>
     <br/>
    </div>
   </div>
  </div>
 </body>
</html>
