<!DOCTYPE html>
<html>
 <head>
  <meta content="text/html; charset=utf-8" http-equiv="Content-Type"/>
  <title>
   11.05.2024 Hgr.II C Standard
  </title>
 </head>
 <body>
  <div>
   <div>
    <table>
     <tr>
      <td>
       11.05.2024 - OT, Hgr.II C Standard "7"
      </td>
     </tr>
    </table>
   </div>
   <div>
    <div>
     Wertungstabelle Gesamt
    </div>
    <hr/>
    <div>
     <table>
      <tr>
       <td>
        Anzahl Teilnehmer: 34
       </td>
       <td>
        Startnummer
       </td>
      </tr>
      <tr>
       <td>
        Wertungsrichter
       </td>
       <td>
        500
        <span>
         Andreas Baumeister / Cäcilia Benzin
        </span>
       </td>
       <td>
        501
        <span>
         Carsten Beck / Jennifer Arnold
        </span>
       </td>
       <td>
        502
        <span>
         Alexander Behmer / Dr. Juliane Scheil
        </span>
       </td>
       <td>
        504
        <span>
         Achim Besler / Kathrin Besler
        </span>
       </td>
       <td>
        505
        <span>
         Peter Brantsch / Luisa Böck
        </span>
       </td>
       <td>
        506
        <span>
         Sebastian Damm / Jantje Rippe
        </span>
       </td>
       <td>
        507
        <span>
         Christian Deike / Patrycja Krohn
        </span>
       </td>
       <td>
        508
        <span>
         Maximilian Dörner / Anita Dörner
        </span>
       </td>
       <td>
        509
        <span>
         Fionn Woghen Dr. Wentorp / Aila Meschgbu
        </span>
       </td>
       <td>
        510
        <span>
         Martin Erhardt / Svenja Mozian
        </span>
       </td>
       <td>
        511
        <span>
         Stefan Fischer / Mareike Maass
        </span>
       </td>
       <td>
        512
        <span>
         Pascal Gerbert / Nelly Gerbert
        </span>
       </td>
       <td>
        514
        <span>
         Martin Günther / Sarah Pätow
        </span>
       </td>
       <td>
        515
        <span>
         Markus Hajek / Eva Hajek
        </span>
       </td>
       <td>
        516
        <span>
         Sebastian Hauber / Amelie Goldfuß
        </span>
       </td>
      </tr>
      <tr>
       <td>
        AR) Appel, Hans-Jürgen
        <br/>
        CH) Mak, Annabel
        <br/>
        DC) Schöke, Manuel
        <br/>
        DV) Becker, Marc
        <br/>
        EY) Schwarz, Sonja
       </td>
       <td>
        2
        <br/>
        3
        <br/>
        1
        <br/>
        2
        <br/>
        2
       </td>
       <td>
        2
        <br/>
        1
        <br/>
        4
        <br/>
        4
        <br/>
        4
       </td>
       <td>
        4
        <br/>
        3
        <br/>
        0
        <br/>
        3
        <br/>
        4
       </td>
       <td>
        2
        <br/>
        1
        <br/>
        3
        <br/>
        1
        <br/>
        3
       </td>
       <td>
        4
        <br/>
        4
        <br/>
        4
        <br/>
        4
        <br/>
        4
       </td>
       <td>
        2
        <br/>
        3
        <br/>
        3
        <br/>
        2
        <br/>
        2
       </td>
       <td>
        1
        <br/>
        0
        <br/>
        1
        <br/>
        1
        <br/>
        1
       </td>
       <td>
        1
        <br/>
        3
        <br/>
        4
        <br/>
        4
        <br/>
        4
       </td>
       <td>
        3
        <br/>
        4
        <br/>
        4
        <br/>
        4
        <br/>
        4
       </td>
       <td>
        2
        <br/>
        2
        <br/>
        0
        <br/>
        0
        <br/>
        2
       </td>
       <td>
        4
        <br/>
        4
        <br/>
        3
        <br/>
        4
        <br/>
        2
       </td>
       <td>
        4
        <br/>
        2
        <br/>
        1
        <br/>
        1
        <br/>
        0
       </td>
       <td>
        3
        <br/>
        3
        <br/>
        3
        <br/>
        4
        <br/>
        4
       </td>
       <td>
        1
        <br/>
        2
        <br/>
        3
        <br/>
        3
        <br/>
        4
       </td>
       <td>
        4
        <br/>
        4
        <br/>
        4
        <br/>
        4
        <br/>
        4
       </td>
      </tr>
      <tr>
       <td>
        Ergebnis der Vorrunde
       </td>
       <td>
        10
       </td>
       <td>
        15
       </td>
       <td>
        14
       </td>
       <td>
        10
       </td>
       <td>
        20
       </td>
       <td>
        12
       </td>
       <td>
        4
       </td>
       <td>
        16
       </td>
       <td>
        19
       </td>
       <td>
        6
       </td>
       <td>
        17
       </td>
       <td>
        8
       </td>
       <td>
        17
       </td>
       <td>
        13
       </td>
       <td>
        20
       </td>
      </tr>
      <tr>
       <td>
        Qualifiziert für die 1. Zwischenrunde
       </td>
       <td>
        X
       </td>
       <td>
        X
       </td>
       <td>
        X
       </td>
       <td>
        X
       </td>
       <td>
        X
       </td>
       <td>
        X
       </td>
       <td>
        X
       </td>
       <td>
        X
       </td>
       <td>
        X
       </td>
       <td>
        X
       </td>
      </tr>
      <tr>
       <td>
        AR) Appel, Hans-Jürgen
        <br/>
        CH) Mak, Annabel
        <br/>
        DC) Schöke, Manuel
        <br/>
        DV) Becker, Marc
        <br/>
        EY) Schwarz, Sonja
       </td>
       <td>
        1
        <br/>
        1
        <br/>
        0
        <br/>
        1
        <br/>
        1
       </td>
       <td>
        0
        <br/>
        0
        <br/>
        0
        <br/>
        0
        <br/>
        1
       </td>
       <td>
        3
        <br/>
        4
        <br/>
        4
        <br/>
        3
        <br/>
        4
       </td>
       <td>
        3
        <br/>
        4
        <br/>
        3
        <br/>
        0
        <br/>
        2
       </td>
       <td>
        0
        <br/>
        2
        <br/>
        4
        <br/>
        2
        <br/>
        1
       </td>
       <td>
        1
        <br/>
        1
        <br/>
        4
        <br/>
        1
        <br/>
        3
       </td>
       <td>
        1
        <br/>
        0
        <br/>
        2
        <br/>
        0
        <br/>
        0
       </td>
       <td>
        3
        <br/>
        0
        <br/>
        2
        <br/>
        4
        <br/>
        4
       </td>
       <td>
        1
        <br/>
        0
        <br/>
        1
        <br/>
        2
        <br/>
        0
       </td>
       <td>
        3
        <br/>
        4
        <br/>
        4
        <br/>
        4
        <br/>
        3
       </td>
      </tr>
      <tr>
       <td>
        Ergebnis der 1. Zwischenrunde
       </td>
       <td>
        4
       </td>
       <td>
        1
       </td>
       <td>
        18
       </td>
       <td>
        12
       </td>
       <td>
        9
       </td>
       <td>
        10
       </td>
       <td>
        3
       </td>
       <td>
        13
       </td>
       <td>
        4
       </td>
       <td>
        18
       </td>
      </tr>
      <tr>
       <td>
        Qualifiziert für die 2. Zwischenrunde
       </td>
       <td>
        X
       </td>
       <td>
        X
       </td>
       <td>
        X
       </td>
       <td>
        X
       </td>
       <td>
        X
       </td>
      </tr>
      <tr>
       <td>
        AR) Appel, Hans-Jürgen
        <br/>
        CH) Mak, Annabel
        <br/>
        DC) Schöke, Manuel
        <br/>
        DV) Becker, Marc
        <br/>
        EY) Schwarz, Sonja
       </td>
       <td>
        4
        <br/>
        0
        <br/>
        4
        <br/>
        1
        <br/>
        1
       </td>
       <td>
        0
        <br/>
        4
        <br/>
        0
        <br/>
        0
        <br/>
        0
       </td>
       <td>
        3
        <br/>
        1
        <br/>
        1
        <br/>
        0
        <br/>
        4
       </td>
       <td>
        3
        <br/>
        0
        <br/>
        1
        <br/>
        1
        <br/>
        3
       </td>
       <td>
        4
        <br/>
        3
        <br/>
        3
        <br/>
        4
        <br/>
        4
       </td>
      </tr>
      <tr>
       <td>
        Ergebnis der 2. Zwischenrunde
       </td>
       <td>
        10
       </td>
       <td>
        4
       </td>
       <td>
        9
       </td>
       <td>
        8
       </td>
       <td>
        18
       </td>
      </tr>
      <tr>
       <td>
        Qualifiziert für die Endrunde
       </td>
       <td>
        X
       </td>
       <td>
        X
       </td>
      </tr>
      <tr>
       <td>
        Addition Endrunde
       </td>
       <td>
        21,0
       </td>
       <td>
        11,0
       </td>
      </tr>
      <tr>
       <td>
        Startnummer
       </td>
       <td>
        500
        <span>
         Andreas Baumeister / Cäcilia Benzin
        </span>
       </td>
       <td>
        501
        <span>
         Carsten Beck / Jennifer Arnold
        </span>
       </td>
       <td>
        502
        <span>
         Alexander Behmer / Dr. Juliane Scheil
        </span>
       </td>
       <td>
        504
        <span>
         Achim Besler / Kathrin Besler
        </span>
       </td>
       <td>
        505
        <span>
         Peter Brantsch / Luisa Böck
        </span>
       </td>
       <td>
        506
        <span>
         Sebastian Damm / Jantje Rippe
        </span>
       </td>
       <td>
        507
        <span>
         Christian Deike / Patrycja Krohn
        </span>
       </td>
       <td>
        508
        <span>
         Maximilian Dörner / Anita Dörner
        </span>
       </td>
       <td>
        509
        <span>
         Fionn Woghen Dr. Wentorp / Aila Meschgbu
        </span>
       </td>
       <td>
        510
        <span>
         Martin Erhardt / Svenja Mozian
        </span>
       </td>
       <td>
        511
        <span>
         Stefan Fischer / Mareike Maass
        </span>
       </td>
       <td>
        512
        <span>
         Pascal Gerbert / Nelly Gerbert
        </span>
       </td>
       <td>
        514
        <span>
         Martin Günther / Sarah Pätow
        </span>
       </td>
       <td>
        515
        <span>
         Markus Hajek / Eva Hajek
        </span>
       </td>
       <td>
        516
        <span>
         Sebastian Hauber / Amelie Goldfuß
        </span>
       </td>
      </tr>
      <tr>
       <td>
        Platz von
        <br/>
        Platz bis
       </td>
       <td>
        26
        <br/>
        28
       </td>
       <td>
        19
        <br/>
        21
       </td>
       <td>
        24
        <br/>
       </td>
       <td>
        26
        <br/>
        28
       </td>
       <td>
        6
        <br/>
       </td>
       <td>
        12
        <br/>
       </td>
       <td>
        34
        <br/>
       </td>
       <td>
        14
        <br/>
        15
       </td>
       <td>
        7
        <br/>
       </td>
       <td>
        32
        <br/>
       </td>
       <td>
        22
        <br/>
        23
       </td>
       <td>
        29
        <br/>
        30
       </td>
       <td>
        8
        <br/>
       </td>
       <td>
        19
        <br/>
        21
       </td>
       <td>
        3
        <br/>
       </td>
      </tr>
      <tr>
       <td>
        Aufstiegspunkte
       </td>
       <td>
        6
       </td>
       <td>
        13
       </td>
       <td>
        10
       </td>
       <td>
        6
       </td>
       <td>
        20
       </td>
       <td>
        20
       </td>
       <td>
        0
       </td>
       <td>
        19
       </td>
       <td>
        20
       </td>
       <td>
        2
       </td>
       <td>
        11
       </td>
       <td>
        4
       </td>
       <td>
        20
       </td>
       <td>
        13
       </td>
       <td>
        20
       </td>
      </tr>
     </table>
     <br/>
     <table>
      <tr>
       <td>
        Anzahl Teilnehmer: 34
       </td>
       <td>
        Startnummer
       </td>
      </tr>
      <tr>
       <td>
        Wertungsrichter
       </td>
       <td>
        517
        <span>
         Patrick Hiebl / Sylvia Kißmehl
        </span>
       </td>
       <td>
        518
        <span>
         Patrick Keller / Stefanie Schenker
        </span>
       </td>
       <td>
        519
        <span>
         Kai Klede / Amke Beenen
        </span>
       </td>
       <td>
        520
        <span>
         Alexander Kober / Diana Bühren
        </span>
       </td>
       <td>
        521
        <span>
         Gregor Kobsik / Angelina Kleiber
        </span>
       </td>
       <td>
        522
        <span>
         Bernd Krauss / Jennifer Steuer
        </span>
       </td>
       <td>
        523
        <span>
         Lukas Kuschel / Katharina Hölzchen
        </span>
       </td>
       <td>
        525
        <span>
         Nicklas Benedikt Neufang / Eva Eisenhardt, Laura
        </span>
       </td>
       <td>
        526
        <span>
         Christian Peters / Ronja Hormes
        </span>
       </td>
       <td>
        527
        <span>
         Johannes Pfeiffer / Tamara Pfeiffer
        </span>
       </td>
       <td>
        528
        <span>
         Dr. Felix Prihoda / Dr. Annemarie Prihoda
        </span>
       </td>
       <td>
        529
        <span>
         Klaus Raab / Katalin Veszpremi
        </span>
       </td>
       <td>
        530
        <span>
         Marcel Rose / Imke Schwan
        </span>
       </td>
       <td>
        531
        <span>
         Dirk Schäfer / Gertrud Lembke
        </span>
       </td>
       <td>
        532
        <span>
         Christoph Schlüter / Franziska Gerlach
        </span>
       </td>
      </tr>
      <tr>
       <td>
        AR) Appel, Hans-Jürgen
        <br/>
        CH) Mak, Annabel
        <br/>
        DC) Schöke, Manuel
        <br/>
        DV) Becker, Marc
        <br/>
        EY) Schwarz, Sonja
       </td>
       <td>
        1
        <br/>
        0
        <br/>
        1
        <br/>
        3
        <br/>
        0
       </td>
       <td>
        2
        <br/>
        2
        <br/>
        1
        <br/>
        3
        <br/>
        4
       </td>
       <td>
        3
        <br/>
        4
        <br/>
        4
        <br/>
        4
        <br/>
        4
       </td>
       <td>
        1
        <br/>
        2
        <br/>
        3
        <br/>
        0
        <br/>
        1
       </td>
       <td>
        4
        <br/>
        3
        <br/>
        4
        <br/>
        4
        <br/>
        4
       </td>
       <td>
        3
        <br/>
        4
        <br/>
        3
        <br/>
        2
        <br/>
        4
       </td>
       <td>
        4
        <br/>
        4
        <br/>
        4
        <br/>
        2
        <br/>
        4
       </td>
       <td>
        3
        <br/>
        3
        <br/>
        4
        <br/>
        4
        <br/>
        3
       </td>
       <td>
        3
        <br/>
        4
        <br/>
        4
        <br/>
        4
        <br/>
        4
       </td>
       <td>
        3
        <br/>
        4
        <br/>
        4
        <br/>
        3
        <br/>
        1
       </td>
       <td>
        4
        <br/>
        4
        <br/>
        4
        <br/>
        4
        <br/>
        4
       </td>
       <td>
        3
        <br/>
        2
        <br/>
        3
        <br/>
        4
        <br/>
        4
       </td>
       <td>
        3
        <br/>
        4
        <br/>
        4
        <br/>
        3
        <br/>
        3
       </td>
       <td>
        2
        <br/>
        1
        <br/>
        2
        <br/>
        3
        <br/>
        0
       </td>
       <td>
        4
        <br/>
        3
        <br/>
        2
        <br/>
        3
        <br/>
        4
       </td>
      </tr>
      <tr>
       <td>
        Ergebnis der Vorrunde
       </td>
       <td>
        5
       </td>
       <td>
        12
       </td>
       <td>
        19
       </td>
       <td>
        7
       </td>
       <td>
        19
       </td>
       <td>
        16
       </td>
       <td>
        18
       </td>
       <td>
        17
       </td>
       <td>
        19
       </td>
       <td>
        15
       </td>
       <td>
        20
       </td>
       <td>
        16
       </td>
       <td>
        17
       </td>
       <td>
        8
       </td>
       <td>
        16
       </td>
      </tr>
      <tr>
       <td>
        Qualifiziert für die 1. Zwischenrunde
       </td>
       <td>
        X
       </td>
       <td>
        X
       </td>
       <td>
        X
       </td>
       <td>
        X
       </td>
       <td>
        X
       </td>
       <td>
        X
       </td>
       <td>
        X
       </td>
       <td>
        X
       </td>
       <td>
        X
       </td>
       <td>
        X
       </td>
       <td>
        X
       </td>
       <td>
        X
       </td>
      </tr>
      <tr>
       <td>
        AR) Appel, Hans-Jürgen
        <br/>
        CH) Mak, Annabel
        <br/>
        DC) Schöke, Manuel
        <br/>
        DV) Becker, Marc
        <br/>
        EY) Schwarz, Sonja
       </td>
       <td>
        1
        <br/>
        0
        <br/>
        0
        <br/>
        0
        <br/>
        3
       </td>
       <td>
        1
        <br/>
        4
        <br/>
        2
        <br/>
        4
        <br/>
        4
       </td>
       <td>
        3
        <br/>
        4
        <br/>
        3
        <br/>
        4
        <br/>
        4
       </td>
       <td>
        3
        <br/>
        3
        <br/>
        0
        <br/>
        2
        <br/>
        3
       </td>
       <td>
        4
        <br/>
        2
        <br/>
        2
        <br/>
        3
        <br/>
        4
       </td>
       <td>
        0
        <br/>
        2
        <br/>
        4
        <br/>
        4
        <br/>
        0
       </td>
       <td>
        2
        <br/>
        3
        <br/>
        2
        <br/>
        3
        <br/>
        3
       </td>
       <td>
        1
        <br/>
        4
        <br/>
        0
        <br/>
        3
        <br/>
        0
       </td>
       <td>
        4
        <br/>
        4
        <br/>
        3
        <br/>
        3
        <br/>
        1
       </td>
       <td>
        3
        <br/>
        0
        <br/>
        1
        <br/>
        3
        <br/>
        2
       </td>
       <td>
        3
        <br/>
        2
        <br/>
        0
        <br/>
        0
        <br/>
        1
       </td>
       <td>
        3
        <br/>
        1
        <br/>
        3
        <br/>
        2
        <br/>
        4
       </td>
      </tr>
      <tr>
       <td>
        Ergebnis der 1. Zwischenrunde
       </td>
       <td>
        4
       </td>
       <td>
        15
       </td>
       <td>
        18
       </td>
       <td>
        11
       </td>
       <td>
        15
       </td>
       <td>
        10
       </td>
       <td>
        13
       </td>
       <td>
        8
       </td>
       <td>
        15
       </td>
       <td>
        9
       </td>
       <td>
        6
       </td>
       <td>
        13
       </td>
      </tr>
      <tr>
       <td>
        Qualifiziert für die 2. Zwischenrunde
       </td>
       <td>
        X
       </td>
       <td>
        X
       </td>
       <td>
        X
       </td>
       <td>
        X
       </td>
       <td>
        X
       </td>
       <td>
        X
       </td>
       <td>
        X
       </td>
       <td>
        X
       </td>
      </tr>
      <tr>
       <td>
        AR) Appel, Hans-Jürgen
        <br/>
        CH) Mak, Annabel
        <br/>
        DC) Schöke, Manuel
        <br/>
        DV) Becker, Marc
        <br/>
        EY) Schwarz, Sonja
       </td>
       <td>
        1
        <br/>
        4
        <br/>
        2
        <br/>
        3
        <br/>
        2
       </td>
       <td>
        2
        <br/>
        4
        <br/>
        3
        <br/>
        4
        <br/>
        3
       </td>
       <td>
        0
        <br/>
        0
        <br/>
        0
        <br/>
        0
        <br/>
        0
       </td>
       <td>
        4
        <br/>
        2
        <br/>
        4
        <br/>
        2
        <br/>
        1
       </td>
       <td>
        0
        <br/>
        2
        <br/>
        2
        <br/>
        1
        <br/>
        1
       </td>
       <td>
        1
        <br/>
        0
        <br/>
        1
        <br/>
        4
        <br/>
        1
       </td>
       <td>
        0
        <br/>
        4
        <br/>
        3
        <br/>
        4
        <br/>
        1
       </td>
       <td>
        2
        <br/>
        0
        <br/>
        0
        <br/>
        0
        <br/>
        3
       </td>
      </tr>
      <tr>
       <td>
        Ergebnis der 2. Zwischenrunde
       </td>
       <td>
        12
       </td>
       <td>
        16
       </td>
       <td>
        0
       </td>
       <td>
        13
       </td>
       <td>
        6
       </td>
       <td>
        7
       </td>
       <td>
        12
       </td>
       <td>
        5
       </td>
      </tr>
      <tr>
       <td>
        Qualifiziert für die Endrunde
       </td>
       <td>
        X
       </td>
       <td>
        X
       </td>
       <td>
        X
       </td>
       <td>
        X
       </td>
      </tr>
      <tr>
       <td>
        Addition Endrunde
       </td>
       <td>
        5,0
       </td>
       <td>
        9,0
       </td>
       <td>
        17,0
       </td>
       <td>
        21,0
       </td>
      </tr>
      <tr>
       <td>
        Startnummer
       </td>
       <td>
        517
        <span>
         Patrick Hiebl / Sylvia Kißmehl
        </span>
       </td>
       <td>
        518
        <span>
         Patrick Keller / Stefanie Schenker
        </span>
       </td>
       <td>
        519
        <span>
         Kai Klede / Amke Beenen
        </span>
       </td>
       <td>
        520
        <span>
         Alexander Kober / Diana Bühren
        </span>
       </td>
       <td>
        521
        <span>
         Gregor Kobsik / Angelina Kleiber
        </span>
       </td>
       <td>
        522
        <span>
         Bernd Krauss / Jennifer Steuer
        </span>
       </td>
       <td>
        523
        <span>
         Lukas Kuschel / Katharina Hölzchen
        </span>
       </td>
       <td>
        525
        <span>
         Nicklas Benedikt Neufang / Eva Eisenhardt, Laura
        </span>
       </td>
       <td>
        526
        <span>
         Christian Peters / Ronja Hormes
        </span>
       </td>
       <td>
        527
        <span>
         Johannes Pfeiffer / Tamara Pfeiffer
        </span>
       </td>
       <td>
        528
        <span>
         Dr. Felix Prihoda / Dr. Annemarie Prihoda
        </span>
       </td>
       <td>
        529
        <span>
         Klaus Raab / Katalin Veszpremi
        </span>
       </td>
       <td>
        530
        <span>
         Marcel Rose / Imke Schwan
        </span>
       </td>
       <td>
        531
        <span>
         Dirk Schäfer / Gertrud Lembke
        </span>
       </td>
       <td>
        532
        <span>
         Christoph Schlüter / Franziska Gerlach
        </span>
       </td>
      </tr>
      <tr>
       <td>
        Platz von
        <br/>
        Platz bis
       </td>
       <td>
        33
        <br/>
       </td>
       <td>
        19
        <br/>
        21
       </td>
       <td>
        1
        <br/>
       </td>
       <td>
        31
        <br/>
       </td>
       <td>
        2
        <br/>
       </td>
       <td>
        13
        <br/>
       </td>
       <td>
        4
        <br/>
       </td>
       <td>
        10
        <br/>
       </td>
       <td>
        9
        <br/>
       </td>
       <td>
        16
        <br/>
        17
       </td>
       <td>
        5
        <br/>
       </td>
       <td>
        14
        <br/>
        15
       </td>
       <td>
        18
        <br/>
       </td>
       <td>
        29
        <br/>
        30
       </td>
       <td>
        11
        <br/>
       </td>
      </tr>
      <tr>
       <td>
        Aufstiegspunkte
       </td>
       <td>
        1
       </td>
       <td>
        13
       </td>
       <td>
        20
       </td>
       <td>
        3
       </td>
       <td>
        20
       </td>
       <td>
        20
       </td>
       <td>
        20
       </td>
       <td>
        20
       </td>
       <td>
        20
       </td>
       <td>
        17
       </td>
       <td>
        20
       </td>
       <td>
        19
       </td>
       <td>
        16
       </td>
       <td>
        4
       </td>
       <td>
        20
       </td>
      </tr>
     </table>
     <br/>
     <table>
      <tr>
       <td>
        Anzahl Teilnehmer: 34
       </td>
       <td>
        Startnummer
       </td>
      </tr>
      <tr>
       <td>
        Wertungsrichter
       </td>
       <td>
        533
        <span>
         David Schneider / Sonja Wendenburg
        </span>
       </td>
       <td>
        534
        <span>
         Frank Thiemicke / Lea Offermann
        </span>
       </td>
       <td>
        535
        <span>
         Paul Wehle / Melanie Höschele
        </span>
       </td>
       <td>
        536
        <span>
         Jakob Zwicker / Magdalena Bedner
        </span>
       </td>
      </tr>
      <tr>
       <td>
        AR) Appel, Hans-Jürgen
        <br/>
        CH) Mak, Annabel
        <br/>
        DC) Schöke, Manuel
        <br/>
        DV) Becker, Marc
        <br/>
        EY) Schwarz, Sonja
       </td>
       <td>
        4
        <br/>
        4
        <br/>
        1
        <br/>
        0
        <br/>
        2
       </td>
       <td>
        4
        <br/>
        4
        <br/>
        3
        <br/>
        4
        <br/>
        3
       </td>
       <td>
        2
        <br/>
        1
        <br/>
        3
        <br/>
        2
        <br/>
        2
       </td>
       <td>
        4
        <br/>
        4
        <br/>
        4
        <br/>
        3
        <br/>
        1
       </td>
      </tr>
      <tr>
       <td>
        Ergebnis der Vorrunde
       </td>
       <td>
        11
       </td>
       <td>
        18
       </td>
       <td>
        10
       </td>
       <td>
        16
       </td>
      </tr>
      <tr>
       <td>
        Qualifiziert für die 1. Zwischenrunde
       </td>
       <td>
        X
       </td>
       <td>
        X
       </td>
      </tr>
      <tr>
       <td>
        AR) Appel, Hans-Jürgen
        <br/>
        CH) Mak, Annabel
        <br/>
        DC) Schöke, Manuel
        <br/>
        DV) Becker, Marc
        <br/>
        EY) Schwarz, Sonja
       </td>
       <td>
        1
        <br/>
        3
        <br/>
        4
        <br/>
        0
        <br/>
        0
       </td>
       <td>
        3
        <br/>
        0
        <br/>
        0
        <br/>
        0
        <br/>
        0
       </td>
      </tr>
      <tr>
       <td>
        Ergebnis der 1. Zwischenrunde
       </td>
       <td>
        8
       </td>
       <td>
        3
       </td>
      </tr>
      <tr>
       <td>
        Qualifiziert für die 2. Zwischenrunde
       </td>
      </tr>
      <tr>
       <td>
        AR) Appel, Hans-Jürgen
        <br/>
        CH) Mak, Annabel
        <br/>
        DC) Schöke, Manuel
        <br/>
        DV) Becker, Marc
        <br/>
        EY) Schwarz, Sonja
       </td>
      </tr>
      <tr>
       <td>
        Ergebnis der 2. Zwischenrunde
       </td>
      </tr>
      <tr>
       <td>
        Qualifiziert für die Endrunde
       </td>
      </tr>
      <tr>
       <td>
        Addition Endrunde
       </td>
      </tr>
      <tr>
       <td>
        Startnummer
       </td>
       <td>
        533
        <span>
         David Schneider / Sonja Wendenburg
        </span>
       </td>
       <td>
        534
        <span>
         Frank Thiemicke / Lea Offermann
        </span>
       </td>
       <td>
        535
        <span>
         Paul Wehle / Melanie Höschele
        </span>
       </td>
       <td>
        536
        <span>
         Jakob Zwicker / Magdalena Bedner
        </span>
       </td>
      </tr>
      <tr>
       <td>
        Platz von
        <br/>
        Platz bis
       </td>
       <td>
        25
        <br/>
       </td>
       <td>
        16
        <br/>
        17
       </td>
       <td>
        26
        <br/>
        28
       </td>
       <td>
        22
        <br/>
        23
       </td>
       <td>
        <br/>
       </td>
       <td>
        <br/>
       </td>
       <td>
        <br/>
       </td>
       <td>
        <br/>
       </td>
       <td>
        <br/>
       </td>
       <td>
        <br/>
       </td>
       <td>
        <br/>
       </td>
       <td>
        <br/>
       </td>
       <td>
        <br/>
       </td>
       <td>
        <br/>
       </td>
       <td>
        <br/>
       </td>
      </tr>
      <tr>
       <td>
        Aufstiegspunkte
       </td>
       <td>
        9
       </td>
       <td>
        17
       </td>
       <td>
        6
       </td>
       <td>
        11
       </td>
      </tr>
     </table>
     <br/>
     <br/>
    </div>
   </div>
  </div>
 </body>
</html>
